2026-05-11 10:32:26:3226 info: [MetadataServer] Загружены данные для 10 Echo.
2026-05-11 10:32:26:3226 info: [MetadataServer] Запуск...
2026-05-11 10:32:30:3230 info: [MetadataServer] Успешно подключено 2 клиента к Redis (основной и подписчик).
2026-05-11 10:32:30:3230 info: [MetadataServer] Пытаюсь получить каталоги с http://localhost:30031/internal/api/v1/catalogs/modules и http://localhost:30031/internal/api/v1/catalogs/shipsbonuses
2026-05-11 10:32:30:3230 error: [MetadataServer] Не удалось получить каталоги: Error. Повторная попытка через 5000 мс...
2026-05-11 10:32:30:3230 info: [MetadataServer] Успешное подключение к MongoDB.
2026-05-11 10:32:35:3235 error: [MetadataServer] Не удалось получить каталоги: Error. Повторная попытка через 5000 мс...
2026-05-11 10:32:43:3243 info: [MetadataServer] Загружены данные для 10 Echo.
2026-05-11 10:32:43:3243 info: [MetadataServer] Запуск...
2026-05-11 10:32:45:3245 info: [MetadataServer] Успешно подключено 2 клиента к Redis (основной и подписчик).
2026-05-11 10:32:45:3245 info: [MetadataServer] Пытаюсь получить каталоги с http://localhost:30031/internal/api/v1/catalogs/modules и http://localhost:30031/internal/api/v1/catalogs/shipsbonuses
2026-05-11 10:32:45:3245 error: [MetadataServer] Не удалось получить каталоги: Error. Повторная попытка через 5000 мс...
2026-05-11 10:32:45:3245 info: [MetadataServer] Успешное подключение к MongoDB.
2026-05-11 10:32:50:3250 info: [MetadataServer] Все каталоги успешно получены.
2026-05-11 10:32:50:3250 info: Обработчики грациозного завершения инициализированы.
2026-05-11 10:32:50:3250 info: [MetadataServer] Инициализация завершена. HTTP-сервер слушает порт 3004
2026-05-11 10:33:36:3336 warn: Получен сигнал SIGINT. Начинаю грациозное завершение...
2026-05-11 10:33:36:3336 info: Закрытие соединения с Redis...
2026-05-11 10:33:36:3336 info: HTTP-сервер больше не принимает новые соединения.
2026-05-11 10:33:36:3336 info: Соединения с Redis успешно закрыты.
2026-05-11 13:53:56:5356 info: [MetadataServer] Загружены данные для 10 Echo.
2026-05-11 13:53:56:5356 info: [MetadataServer] Запуск...
2026-05-11 13:53:57:5357 info: [MetadataServer] Успешно подключено 2 клиента к Redis (основной и подписчик).
2026-05-11 13:53:57:5357 info: [MetadataServer] Пытаюсь получить каталоги с http://localhost:30031/internal/api/v1/catalogs/modules и http://localhost:30031/internal/api/v1/catalogs/shipsbonuses
2026-05-11 13:53:57:5357 error: [MetadataServer] Не удалось получить каталоги: Error. Повторная попытка через 5000 мс...
2026-05-11 13:53:58:5358 info: [MetadataServer] Успешное подключение к MongoDB.
2026-05-11 13:54:03:543 error: [MetadataServer] Не удалось получить каталоги: Error. Повторная попытка через 5000 мс...
2026-05-11 13:54:08:548 info: [MetadataServer] Все каталоги успешно получены.
2026-05-11 13:54:08:548 info: Обработчики грациозного завершения инициализированы.
2026-05-11 13:54:08:548 info: [MetadataServer] Инициализация завершена. HTTP-сервер слушает порт 3004
2026-05-11 13:54:56:5456 warn: Получен сигнал SIGINT. Начинаю грациозное завершение...
2026-05-11 13:54:56:5456 info: Закрытие соединения с Redis...
2026-05-11 13:54:56:5456 info: HTTP-сервер больше не принимает новые соединения.
2026-05-11 13:54:56:5456 info: Соединения с Redis успешно закрыты.
2026-05-11 13:55:42:5542 info: [MetadataServer] Загружены данные для 10 Echo.
2026-05-11 13:55:42:5542 info: [MetadataServer] Запуск...
2026-05-11 13:55:45:5545 info: [MetadataServer] Успешно подключено 2 клиента к Redis (основной и подписчик).
2026-05-11 13:55:45:5545 info: [MetadataServer] Пытаюсь получить каталоги с http://localhost:30031/internal/api/v1/catalogs/modules и http://localhost:30031/internal/api/v1/catalogs/shipsbonuses
2026-05-11 13:55:45:5545 error: [MetadataServer] Не удалось получить каталоги: Error. Повторная попытка через 5000 мс...
2026-05-11 13:55:45:5545 info: [MetadataServer] Успешное подключение к MongoDB.
2026-05-11 13:55:50:5550 info: [MetadataServer] Все каталоги успешно получены.
2026-05-11 13:55:50:5550 info: Обработчики грациозного завершения инициализированы.
2026-05-11 13:55:50:5550 info: [MetadataServer] Инициализация завершена. HTTP-сервер слушает порт 3004
2026-05-11 14:40:28:4028 warn: Получен сигнал SIGINT. Начинаю грациозное завершение...
2026-05-11 14:40:28:4028 info: Закрытие соединения с Redis...
2026-05-11 14:40:28:4028 info: HTTP-сервер больше не принимает новые соединения.
2026-05-11 14:40:28:4028 info: Соединения с Redis успешно закрыты.
