2026-05-03 15:22:56:2256 info: [MetadataServer] Загружены данные для 10 Echo.
2026-05-03 15:22:56:2256 info: [MetadataServer] Запуск...
2026-05-03 15:22:58:2258 error: [MetadataServer-Redis] Client Error
2026-05-03 15:22:58:2258 error: [MetadataServer-Redis] Subscriber Error
2026-05-03 15:22:58:2258 error: [MetadataServer-Redis] Client Error
2026-05-03 15:22:58:2258 error: [MetadataServer-Redis] Subscriber Error
2026-05-03 15:22:58:2258 error: [MetadataServer-Redis] Client Error
2026-05-03 15:22:58:2258 error: [MetadataServer-Redis] Subscriber Error
2026-05-03 15:22:58:2258 error: [MetadataServer-Redis] Client Error
2026-05-03 15:22:59:2259 error: [MetadataServer-Redis] Subscriber Error
2026-05-03 15:22:59:2259 error: [MetadataServer-Redis] Client Error
2026-05-03 15:22:59:2259 error: [MetadataServer-Redis] Subscriber Error
2026-05-03 15:23:00:230 error: [MetadataServer-Redis] Client Error
2026-05-03 15:23:00:230 error: [MetadataServer-Redis] Subscriber Error
2026-05-03 15:23:02:232 error: [MetadataServer-Redis] Subscriber Error
2026-05-03 15:23:02:232 error: [MetadataServer-Redis] Client Error
2026-05-03 15:23:55:2355 info: [MetadataServer] Загружены данные для 10 Echo.
2026-05-03 15:23:55:2355 info: [MetadataServer] Запуск...
2026-05-03 15:23:57:2357 info: [MetadataServer] Успешно подключено 2 клиента к Redis (основной и подписчик).
2026-05-03 15:23:57:2357 info: [MetadataServer] Пытаюсь получить каталоги с http://localhost:30031/internal/api/v1/catalogs/modules и http://localhost:30031/internal/api/v1/catalogs/shipsbonuses
2026-05-03 15:23:57:2357 error: [MetadataServer] Не удалось получить каталоги: Error. Повторная попытка через 5000 мс...
2026-05-03 15:23:57:2357 info: [MetadataServer] Успешное подключение к MongoDB.
2026-05-03 15:24:02:242 info: [MetadataServer] Все каталоги успешно получены.
2026-05-03 15:24:02:242 info: Обработчики грациозного завершения инициализированы.
2026-05-03 15:24:02:242 info: [MetadataServer] Инициализация завершена. HTTP-сервер слушает порт 3004
2026-05-03 15:47:01:471 warn: Получен сигнал SIGINT. Начинаю грациозное завершение...
2026-05-03 15:47:01:471 info: Закрытие соединения с Redis...
2026-05-03 15:47:01:471 info: HTTP-сервер больше не принимает новые соединения.
2026-05-03 15:47:01:471 info: Соединения с Redis успешно закрыты.
2026-05-03 15:47:01:471 info: Закрытие соединения с MongoDB...
2026-05-03 15:47:59:4759 info: [MetadataServer] Загружены данные для 10 Echo.
2026-05-03 15:47:59:4759 info: [MetadataServer] Запуск...
2026-05-03 15:48:13:4813 info: [MetadataServer] Загружены данные для 10 Echo.
2026-05-03 15:48:13:4813 info: [MetadataServer] Запуск...
2026-05-03 15:48:15:4815 info: [MetadataServer] Успешно подключено 2 клиента к Redis (основной и подписчик).
2026-05-03 15:48:15:4815 info: [MetadataServer] Пытаюсь получить каталоги с http://localhost:30031/internal/api/v1/catalogs/modules и http://localhost:30031/internal/api/v1/catalogs/shipsbonuses
2026-05-03 15:48:15:4815 error: [MetadataServer] Не удалось получить каталоги: Error. Повторная попытка через 5000 мс...
2026-05-03 15:48:15:4815 info: [MetadataServer] Успешное подключение к MongoDB.
2026-05-03 15:48:20:4820 info: [MetadataServer] Все каталоги успешно получены.
2026-05-03 15:48:20:4820 info: Обработчики грациозного завершения инициализированы.
2026-05-03 15:48:20:4820 info: [MetadataServer] Инициализация завершена. HTTP-сервер слушает порт 3004
2026-05-03 15:49:39:4939 warn: Получен сигнал SIGINT. Начинаю грациозное завершение...
2026-05-03 15:49:39:4939 info: Закрытие соединения с Redis...
2026-05-03 15:49:39:4939 info: HTTP-сервер больше не принимает новые соединения.
2026-05-03 15:49:39:4939 info: Соединения с Redis успешно закрыты.
2026-05-03 15:49:45:4945 info: [MetadataServer] Загружены данные для 10 Echo.
2026-05-03 15:49:45:4945 info: [MetadataServer] Запуск...
2026-05-03 15:49:47:4947 info: [MetadataServer] Успешно подключено 2 клиента к Redis (основной и подписчик).
2026-05-03 15:49:47:4947 info: [MetadataServer] Пытаюсь получить каталоги с http://localhost:30031/internal/api/v1/catalogs/modules и http://localhost:30031/internal/api/v1/catalogs/shipsbonuses
2026-05-03 15:49:47:4947 error: [MetadataServer] Не удалось получить каталоги: Error. Повторная попытка через 5000 мс...
2026-05-03 15:49:47:4947 info: [MetadataServer] Успешное подключение к MongoDB.
2026-05-03 15:49:52:4952 info: [MetadataServer] Все каталоги успешно получены.
2026-05-03 15:49:52:4952 info: Обработчики грациозного завершения инициализированы.
2026-05-03 15:49:52:4952 info: [MetadataServer] Инициализация завершена. HTTP-сервер слушает порт 3004
2026-05-03 15:51:10:5110 warn: Получен сигнал SIGINT. Начинаю грациозное завершение...
2026-05-03 15:51:10:5110 info: Закрытие соединения с Redis...
2026-05-03 15:51:10:5110 info: HTTP-сервер больше не принимает новые соединения.
2026-05-03 15:51:10:5110 info: Соединения с Redis успешно закрыты.
2026-05-03 15:51:10:5110 info: Закрытие соединения с MongoDB...
2026-05-03 15:51:24:5124 info: [MetadataServer] Загружены данные для 10 Echo.
2026-05-03 15:51:24:5124 info: [MetadataServer] Запуск...
2026-05-03 15:51:26:5126 info: [MetadataServer] Успешно подключено 2 клиента к Redis (основной и подписчик).
2026-05-03 15:51:26:5126 info: [MetadataServer] Пытаюсь получить каталоги с http://localhost:30031/internal/api/v1/catalogs/modules и http://localhost:30031/internal/api/v1/catalogs/shipsbonuses
2026-05-03 15:51:26:5126 error: [MetadataServer] Не удалось получить каталоги: Error. Повторная попытка через 5000 мс...
2026-05-03 15:51:26:5126 info: [MetadataServer] Успешное подключение к MongoDB.
2026-05-03 15:51:31:5131 info: [MetadataServer] Все каталоги успешно получены.
2026-05-03 15:51:31:5131 info: Обработчики грациозного завершения инициализированы.
2026-05-03 15:51:31:5131 info: [MetadataServer] Инициализация завершена. HTTP-сервер слушает порт 3004
2026-05-03 15:52:59:5259 warn: Получен сигнал SIGINT. Начинаю грациозное завершение...
2026-05-03 15:52:59:5259 info: Закрытие соединения с Redis...
2026-05-03 15:52:59:5259 info: HTTP-сервер больше не принимает новые соединения.
2026-05-03 15:52:59:5259 info: Соединения с Redis успешно закрыты.
2026-05-03 15:53:07:537 info: [MetadataServer] Загружены данные для 10 Echo.
2026-05-03 15:53:07:537 info: [MetadataServer] Запуск...
2026-05-03 15:53:08:538 info: [MetadataServer] Успешно подключено 2 клиента к Redis (основной и подписчик).
2026-05-03 15:53:08:538 info: [MetadataServer] Пытаюсь получить каталоги с http://localhost:30031/internal/api/v1/catalogs/modules и http://localhost:30031/internal/api/v1/catalogs/shipsbonuses
2026-05-03 15:53:08:538 error: [MetadataServer] Не удалось получить каталоги: Error. Повторная попытка через 5000 мс...
2026-05-03 15:53:08:538 info: [MetadataServer] Успешное подключение к MongoDB.
2026-05-03 15:53:13:5313 info: [MetadataServer] Все каталоги успешно получены.
2026-05-03 15:53:13:5313 info: Обработчики грациозного завершения инициализированы.
2026-05-03 15:53:13:5313 info: [MetadataServer] Инициализация завершена. HTTP-сервер слушает порт 3004
2026-05-03 15:53:40:5340 warn: Получен сигнал SIGINT. Начинаю грациозное завершение...
2026-05-03 15:53:40:5340 info: Закрытие соединения с Redis...
2026-05-03 15:53:40:5340 info: HTTP-сервер больше не принимает новые соединения.
2026-05-03 15:53:40:5340 info: Соединения с Redis успешно закрыты.
2026-05-03 15:53:58:5358 info: [MetadataServer] Загружены данные для 10 Echo.
2026-05-03 15:53:58:5358 info: [MetadataServer] Запуск...
2026-05-03 15:53:59:5359 info: [MetadataServer] Успешно подключено 2 клиента к Redis (основной и подписчик).
2026-05-03 15:53:59:5359 info: [MetadataServer] Пытаюсь получить каталоги с http://localhost:30031/internal/api/v1/catalogs/modules и http://localhost:30031/internal/api/v1/catalogs/shipsbonuses
2026-05-03 15:53:59:5359 error: [MetadataServer] Не удалось получить каталоги: Error. Повторная попытка через 5000 мс...
2026-05-03 15:53:59:5359 info: [MetadataServer] Успешное подключение к MongoDB.
2026-05-03 15:54:04:544 info: [MetadataServer] Все каталоги успешно получены.
2026-05-03 15:54:04:544 info: Обработчики грациозного завершения инициализированы.
2026-05-03 15:54:04:544 info: [MetadataServer] Инициализация завершена. HTTP-сервер слушает порт 3004
2026-05-03 15:54:26:5426 warn: Получен сигнал SIGINT. Начинаю грациозное завершение...
2026-05-03 15:54:26:5426 info: Закрытие соединения с Redis...
2026-05-03 15:54:26:5426 info: HTTP-сервер больше не принимает новые соединения.
2026-05-03 15:54:26:5426 info: Соединения с Redis успешно закрыты.
2026-05-03 15:54:42:5442 info: [MetadataServer] Загружены данные для 10 Echo.
2026-05-03 15:54:42:5442 info: [MetadataServer] Запуск...
2026-05-03 15:54:44:5444 info: [MetadataServer] Успешно подключено 2 клиента к Redis (основной и подписчик).
2026-05-03 15:54:44:5444 info: [MetadataServer] Пытаюсь получить каталоги с http://localhost:30031/internal/api/v1/catalogs/modules и http://localhost:30031/internal/api/v1/catalogs/shipsbonuses
2026-05-03 15:54:44:5444 error: [MetadataServer] Не удалось получить каталоги: Error. Повторная попытка через 5000 мс...
2026-05-03 15:54:44:5444 info: [MetadataServer] Успешное подключение к MongoDB.
2026-05-03 15:54:49:5449 info: [MetadataServer] Все каталоги успешно получены.
2026-05-03 15:54:49:5449 info: Обработчики грациозного завершения инициализированы.
2026-05-03 15:54:49:5449 info: [MetadataServer] Инициализация завершена. HTTP-сервер слушает порт 3004
2026-05-03 15:55:48:5548 warn: Получен сигнал SIGINT. Начинаю грациозное завершение...
2026-05-03 15:55:48:5548 info: Закрытие соединения с Redis...
2026-05-03 15:55:48:5548 info: HTTP-сервер больше не принимает новые соединения.
2026-05-03 15:55:48:5548 info: Соединения с Redis успешно закрыты.
2026-05-03 15:55:48:5548 info: Закрытие соединения с MongoDB...
2026-05-03 15:55:58:5558 info: [MetadataServer] Загружены данные для 10 Echo.
2026-05-03 15:55:58:5558 info: [MetadataServer] Запуск...
2026-05-03 15:55:59:5559 info: [MetadataServer] Успешно подключено 2 клиента к Redis (основной и подписчик).
2026-05-03 15:55:59:5559 info: [MetadataServer] Пытаюсь получить каталоги с http://localhost:30031/internal/api/v1/catalogs/modules и http://localhost:30031/internal/api/v1/catalogs/shipsbonuses
2026-05-03 15:55:59:5559 error: [MetadataServer] Не удалось получить каталоги: Error. Повторная попытка через 5000 мс...
2026-05-03 15:55:59:5559 info: [MetadataServer] Успешное подключение к MongoDB.
2026-05-03 15:56:04:564 info: [MetadataServer] Все каталоги успешно получены.
2026-05-03 15:56:04:564 info: Обработчики грациозного завершения инициализированы.
2026-05-03 15:56:04:564 info: [MetadataServer] Инициализация завершена. HTTP-сервер слушает порт 3004
2026-05-03 15:56:45:5645 warn: Получен сигнал SIGINT. Начинаю грациозное завершение...
2026-05-03 15:56:45:5645 info: Закрытие соединения с Redis...
2026-05-03 15:56:45:5645 info: HTTP-сервер больше не принимает новые соединения.
2026-05-03 15:56:45:5645 info: Соединения с Redis успешно закрыты.
2026-05-03 15:56:45:5645 info: Закрытие соединения с MongoDB...
2026-05-03 15:57:00:570 info: [MetadataServer] Загружены данные для 10 Echo.
2026-05-03 15:57:00:570 info: [MetadataServer] Запуск...
2026-05-03 15:57:02:572 info: [MetadataServer] Успешно подключено 2 клиента к Redis (основной и подписчик).
2026-05-03 15:57:02:572 info: [MetadataServer] Пытаюсь получить каталоги с http://localhost:30031/internal/api/v1/catalogs/modules и http://localhost:30031/internal/api/v1/catalogs/shipsbonuses
2026-05-03 15:57:02:572 error: [MetadataServer] Не удалось получить каталоги: Error. Повторная попытка через 5000 мс...
2026-05-03 15:57:02:572 info: [MetadataServer] Успешное подключение к MongoDB.
2026-05-03 15:57:07:577 info: [MetadataServer] Все каталоги успешно получены.
2026-05-03 15:57:07:577 info: Обработчики грациозного завершения инициализированы.
2026-05-03 15:57:07:577 info: [MetadataServer] Инициализация завершена. HTTP-сервер слушает порт 3004
2026-05-03 15:57:46:5746 warn: Получен сигнал SIGINT. Начинаю грациозное завершение...
2026-05-03 15:57:46:5746 info: Закрытие соединения с Redis...
2026-05-03 15:57:46:5746 info: HTTP-сервер больше не принимает новые соединения.
2026-05-03 15:57:46:5746 info: Соединения с Redis успешно закрыты.
2026-05-03 15:57:59:5759 info: [MetadataServer] Загружены данные для 10 Echo.
2026-05-03 15:57:59:5759 info: [MetadataServer] Запуск...
2026-05-03 15:58:01:581 info: [MetadataServer] Успешно подключено 2 клиента к Redis (основной и подписчик).
2026-05-03 15:58:01:581 info: [MetadataServer] Пытаюсь получить каталоги с http://localhost:30031/internal/api/v1/catalogs/modules и http://localhost:30031/internal/api/v1/catalogs/shipsbonuses
2026-05-03 15:58:01:581 error: [MetadataServer] Не удалось получить каталоги: Error. Повторная попытка через 5000 мс...
2026-05-03 15:58:01:581 info: [MetadataServer] Успешное подключение к MongoDB.
2026-05-03 15:58:06:586 info: [MetadataServer] Все каталоги успешно получены.
2026-05-03 15:58:06:586 info: Обработчики грациозного завершения инициализированы.
2026-05-03 15:58:06:586 info: [MetadataServer] Инициализация завершена. HTTP-сервер слушает порт 3004
2026-05-03 15:59:39:5939 warn: Получен сигнал SIGINT. Начинаю грациозное завершение...
2026-05-03 15:59:39:5939 info: Закрытие соединения с Redis...
2026-05-03 15:59:39:5939 info: HTTP-сервер больше не принимает новые соединения.
2026-05-03 15:59:39:5939 info: Соединения с Redis успешно закрыты.
2026-05-03 15:59:39:5939 info: Закрытие соединения с MongoDB...
2026-05-03 16:00:10:010 info: [MetadataServer] Загружены данные для 10 Echo.
2026-05-03 16:00:10:010 info: [MetadataServer] Запуск...
2026-05-03 16:00:11:011 info: [MetadataServer] Успешно подключено 2 клиента к Redis (основной и подписчик).
2026-05-03 16:00:11:011 info: [MetadataServer] Пытаюсь получить каталоги с http://localhost:30031/internal/api/v1/catalogs/modules и http://localhost:30031/internal/api/v1/catalogs/shipsbonuses
2026-05-03 16:00:11:011 error: [MetadataServer] Не удалось получить каталоги: Error. Повторная попытка через 5000 мс...
2026-05-03 16:00:11:011 info: [MetadataServer] Успешное подключение к MongoDB.
2026-05-03 16:00:16:016 info: [MetadataServer] Все каталоги успешно получены.
2026-05-03 16:00:16:016 info: Обработчики грациозного завершения инициализированы.
2026-05-03 16:00:16:016 info: [MetadataServer] Инициализация завершена. HTTP-сервер слушает порт 3004
2026-05-03 16:04:41:441 warn: Получен сигнал SIGINT. Начинаю грациозное завершение...
2026-05-03 16:04:41:441 info: Закрытие соединения с Redis...
2026-05-03 16:04:41:441 info: HTTP-сервер больше не принимает новые соединения.
2026-05-03 16:04:41:441 info: Соединения с Redis успешно закрыты.
2026-05-03 16:06:59:659 info: [MetadataServer] Загружены данные для 10 Echo.
2026-05-03 16:06:59:659 info: [MetadataServer] Запуск...
2026-05-03 16:07:00:70 info: [MetadataServer] Успешно подключено 2 клиента к Redis (основной и подписчик).
2026-05-03 16:07:00:70 info: [MetadataServer] Пытаюсь получить каталоги с http://localhost:30031/internal/api/v1/catalogs/modules и http://localhost:30031/internal/api/v1/catalogs/shipsbonuses
2026-05-03 16:07:00:70 error: [MetadataServer] Не удалось получить каталоги: Error. Повторная попытка через 5000 мс...
2026-05-03 16:07:00:70 info: [MetadataServer] Успешное подключение к MongoDB.
2026-05-03 16:07:05:75 info: [MetadataServer] Все каталоги успешно получены.
2026-05-03 16:07:05:75 info: Обработчики грациозного завершения инициализированы.
2026-05-03 16:07:05:75 info: [MetadataServer] Инициализация завершена. HTTP-сервер слушает порт 3004
2026-05-03 16:07:06:76 warn: Получен сигнал SIGINT. Начинаю грациозное завершение...
2026-05-03 16:07:06:76 info: Закрытие соединения с Redis...
2026-05-03 16:07:06:76 info: HTTP-сервер больше не принимает новые соединения.
2026-05-03 16:07:06:76 info: Соединения с Redis успешно закрыты.
2026-05-03 16:07:37:737 info: [MetadataServer] Загружены данные для 10 Echo.
2026-05-03 16:07:37:737 info: [MetadataServer] Запуск...
2026-05-03 16:07:38:738 info: [MetadataServer] Успешно подключено 2 клиента к Redis (основной и подписчик).
2026-05-03 16:07:38:738 info: [MetadataServer] Пытаюсь получить каталоги с http://localhost:30031/internal/api/v1/catalogs/modules и http://localhost:30031/internal/api/v1/catalogs/shipsbonuses
2026-05-03 16:07:38:738 error: [MetadataServer] Не удалось получить каталоги: Error. Повторная попытка через 5000 мс...
2026-05-03 16:07:38:738 info: [MetadataServer] Успешное подключение к MongoDB.
2026-05-03 16:07:43:743 info: [MetadataServer] Все каталоги успешно получены.
2026-05-03 16:07:43:743 info: Обработчики грациозного завершения инициализированы.
2026-05-03 16:07:43:743 info: [MetadataServer] Инициализация завершена. HTTP-сервер слушает порт 3004
2026-05-03 16:18:24:1824 warn: Получен сигнал SIGINT. Начинаю грациозное завершение...
2026-05-03 16:18:24:1824 info: Закрытие соединения с Redis...
2026-05-03 16:18:24:1824 info: HTTP-сервер больше не принимает новые соединения.
2026-05-03 16:20:28:2028 info: [MetadataServer] Загружены данные для 10 Echo.
2026-05-03 16:20:28:2028 info: [MetadataServer] Запуск...
2026-05-03 16:20:30:2030 info: [MetadataServer] Успешно подключено 2 клиента к Redis (основной и подписчик).
2026-05-03 16:20:30:2030 info: [MetadataServer] Пытаюсь получить каталоги с http://localhost:30031/internal/api/v1/catalogs/modules и http://localhost:30031/internal/api/v1/catalogs/shipsbonuses
2026-05-03 16:20:30:2030 error: [MetadataServer] Не удалось получить каталоги: Error. Повторная попытка через 5000 мс...
2026-05-03 16:20:30:2030 info: [MetadataServer] Успешное подключение к MongoDB.
2026-05-03 16:20:35:2035 info: [MetadataServer] Все каталоги успешно получены.
2026-05-03 16:20:35:2035 info: Обработчики грациозного завершения инициализированы.
2026-05-03 16:20:35:2035 info: [MetadataServer] Инициализация завершена. HTTP-сервер слушает порт 3004
2026-05-03 16:24:49:2449 warn: Получен сигнал SIGINT. Начинаю грациозное завершение...
2026-05-03 16:24:49:2449 info: Закрытие соединения с Redis...
2026-05-03 16:24:49:2449 info: HTTP-сервер больше не принимает новые соединения.
2026-05-03 16:24:49:2449 info: Соединения с Redis успешно закрыты.
2026-05-03 16:25:48:2548 info: [MetadataServer] Загружены данные для 10 Echo.
2026-05-03 16:25:48:2548 info: [MetadataServer] Запуск...
2026-05-03 16:25:50:2550 info: [MetadataServer] Успешно подключено 2 клиента к Redis (основной и подписчик).
2026-05-03 16:25:50:2550 info: [MetadataServer] Пытаюсь получить каталоги с http://localhost:30031/internal/api/v1/catalogs/modules и http://localhost:30031/internal/api/v1/catalogs/shipsbonuses
2026-05-03 16:25:50:2550 error: [MetadataServer] Не удалось получить каталоги: Error. Повторная попытка через 5000 мс...
2026-05-03 16:25:50:2550 info: [MetadataServer] Успешное подключение к MongoDB.
2026-05-03 16:25:55:2555 info: [MetadataServer] Все каталоги успешно получены.
2026-05-03 16:25:55:2555 info: Обработчики грациозного завершения инициализированы.
2026-05-03 16:25:55:2555 info: [MetadataServer] Инициализация завершена. HTTP-сервер слушает порт 3004
2026-05-03 16:32:44:3244 warn: Получен сигнал SIGINT. Начинаю грациозное завершение...
2026-05-03 16:32:45:3245 info: Закрытие соединения с Redis...
2026-05-03 16:32:45:3245 info: HTTP-сервер больше не принимает новые соединения.
2026-05-03 16:32:45:3245 info: Соединения с Redis успешно закрыты.
2026-05-03 16:32:45:3245 info: Закрытие соединения с MongoDB...
2026-05-03 16:34:05:345 info: [MetadataServer] Загружены данные для 10 Echo.
2026-05-03 16:34:05:345 info: [MetadataServer] Запуск...
2026-05-03 16:34:07:347 info: [MetadataServer] Успешно подключено 2 клиента к Redis (основной и подписчик).
2026-05-03 16:34:07:347 info: [MetadataServer] Пытаюсь получить каталоги с http://localhost:30031/internal/api/v1/catalogs/modules и http://localhost:30031/internal/api/v1/catalogs/shipsbonuses
2026-05-03 16:34:07:347 error: [MetadataServer] Не удалось получить каталоги: Error. Повторная попытка через 5000 мс...
2026-05-03 16:34:07:347 info: [MetadataServer] Успешное подключение к MongoDB.
2026-05-03 16:34:12:3412 info: [MetadataServer] Все каталоги успешно получены.
2026-05-03 16:34:12:3412 info: Обработчики грациозного завершения инициализированы.
2026-05-03 16:34:12:3412 info: [MetadataServer] Инициализация завершена. HTTP-сервер слушает порт 3004
2026-05-03 16:49:26:4926 warn: Получен сигнал SIGINT. Начинаю грациозное завершение...
2026-05-03 16:49:26:4926 info: Закрытие соединения с Redis...
2026-05-03 16:49:26:4926 info: HTTP-сервер больше не принимает новые соединения.
2026-05-03 16:49:26:4926 info: Соединения с Redis успешно закрыты.
2026-05-03 17:56:33:5633 info: [MetadataServer] Загружены данные для 10 Echo.
2026-05-03 17:56:33:5633 info: [MetadataServer] Запуск...
2026-05-03 17:56:34:5634 info: [MetadataServer] Успешно подключено 2 клиента к Redis (основной и подписчик).
2026-05-03 17:56:34:5634 info: [MetadataServer] Пытаюсь получить каталоги с http://localhost:30031/internal/api/v1/catalogs/modules и http://localhost:30031/internal/api/v1/catalogs/shipsbonuses
2026-05-03 17:56:34:5634 error: [MetadataServer] Не удалось получить каталоги: Error. Повторная попытка через 5000 мс...
2026-05-03 17:56:34:5634 info: [MetadataServer] Успешное подключение к MongoDB.
2026-05-03 17:56:39:5639 error: [MetadataServer] Не удалось получить каталоги: Error. Повторная попытка через 5000 мс...
2026-05-03 17:56:44:5644 error: [MetadataServer] Не удалось получить каталоги: Error. Повторная попытка через 5000 мс...
2026-05-03 17:56:49:5649 info: [MetadataServer] Все каталоги успешно получены.
2026-05-03 17:56:49:5649 info: Обработчики грациозного завершения инициализированы.
2026-05-03 17:56:49:5649 info: [MetadataServer] Инициализация завершена. HTTP-сервер слушает порт 3004
2026-05-03 17:57:31:5731 warn: Получен сигнал SIGINT. Начинаю грациозное завершение...
2026-05-03 17:57:31:5731 info: Закрытие соединения с Redis...
2026-05-03 17:57:31:5731 info: HTTP-сервер больше не принимает новые соединения.
2026-05-03 17:57:31:5731 info: Соединения с Redis успешно закрыты.
2026-05-03 17:57:36:5736 info: [MetadataServer] Загружены данные для 10 Echo.
2026-05-03 17:57:36:5736 info: [MetadataServer] Запуск...
2026-05-03 17:57:38:5738 info: [MetadataServer] Успешно подключено 2 клиента к Redis (основной и подписчик).
2026-05-03 17:57:38:5738 info: [MetadataServer] Пытаюсь получить каталоги с http://localhost:30031/internal/api/v1/catalogs/modules и http://localhost:30031/internal/api/v1/catalogs/shipsbonuses
2026-05-03 17:57:38:5738 error: [MetadataServer] Не удалось получить каталоги: Error. Повторная попытка через 5000 мс...
2026-05-03 17:57:38:5738 info: [MetadataServer] Успешное подключение к MongoDB.
2026-05-03 17:57:43:5743 info: [MetadataServer] Все каталоги успешно получены.
2026-05-03 17:57:43:5743 info: Обработчики грациозного завершения инициализированы.
2026-05-03 17:57:43:5743 info: [MetadataServer] Инициализация завершена. HTTP-сервер слушает порт 3004
2026-05-03 17:58:49:5849 warn: Получен сигнал SIGINT. Начинаю грациозное завершение...
2026-05-03 17:58:49:5849 info: Закрытие соединения с Redis...
2026-05-03 17:58:50:5850 info: HTTP-сервер больше не принимает новые соединения.
2026-05-03 17:58:50:5850 info: Соединения с Redis успешно закрыты.
2026-05-03 17:59:33:5933 info: [MetadataServer] Загружены данные для 10 Echo.
2026-05-03 17:59:33:5933 info: [MetadataServer] Запуск...
2026-05-03 17:59:35:5935 info: [MetadataServer] Успешно подключено 2 клиента к Redis (основной и подписчик).
2026-05-03 17:59:35:5935 info: [MetadataServer] Пытаюсь получить каталоги с http://localhost:30031/internal/api/v1/catalogs/modules и http://localhost:30031/internal/api/v1/catalogs/shipsbonuses
2026-05-03 17:59:35:5935 error: [MetadataServer] Не удалось получить каталоги: Error. Повторная попытка через 5000 мс...
2026-05-03 17:59:35:5935 info: [MetadataServer] Успешное подключение к MongoDB.
2026-05-03 17:59:40:5940 info: [MetadataServer] Все каталоги успешно получены.
2026-05-03 17:59:40:5940 info: Обработчики грациозного завершения инициализированы.
2026-05-03 17:59:40:5940 info: [MetadataServer] Инициализация завершена. HTTP-сервер слушает порт 3004
2026-05-03 19:43:50:4350 warn: Получен сигнал SIGINT. Начинаю грациозное завершение...
2026-05-03 19:43:50:4350 info: Закрытие соединения с Redis...
2026-05-03 19:43:50:4350 info: HTTP-сервер больше не принимает новые соединения.
2026-05-03 19:43:50:4350 info: Соединения с Redis успешно закрыты.
