2026-05-04 12:12:43:1243 info: [MetadataServer] Загружены данные для 10 Echo.
2026-05-04 12:12:43:1243 info: [MetadataServer] Запуск...
2026-05-04 12:12:45:1245 info: [MetadataServer] Успешно подключено 2 клиента к Redis (основной и подписчик).
2026-05-04 12:12:45:1245 info: [MetadataServer] Пытаюсь получить каталоги с http://localhost:30031/internal/api/v1/catalogs/modules и http://localhost:30031/internal/api/v1/catalogs/shipsbonuses
2026-05-04 12:12:45:1245 error: [MetadataServer] Не удалось получить каталоги: Error. Повторная попытка через 5000 мс...
2026-05-04 12:12:45:1245 info: [MetadataServer] Успешное подключение к MongoDB.
2026-05-04 12:12:50:1250 error: [MetadataServer] Не удалось получить каталоги: Error. Повторная попытка через 5000 мс...
2026-05-04 12:12:55:1255 error: [MetadataServer] Не удалось получить каталоги: Error. Повторная попытка через 5000 мс...
2026-05-04 12:13:00:130 info: [MetadataServer] Все каталоги успешно получены.
2026-05-04 12:13:00:130 info: Обработчики грациозного завершения инициализированы.
2026-05-04 12:13:00:130 info: [MetadataServer] Инициализация завершена. HTTP-сервер слушает порт 3004
2026-05-04 12:21:24:2124 warn: Получен сигнал SIGINT. Начинаю грациозное завершение...
2026-05-04 12:21:24:2124 info: Закрытие соединения с Redis...
2026-05-04 12:21:24:2124 info: HTTP-сервер больше не принимает новые соединения.
2026-05-04 12:21:24:2124 info: Соединения с Redis успешно закрыты.
2026-05-04 12:21:30:2130 info: [MetadataServer] Загружены данные для 10 Echo.
2026-05-04 12:21:30:2130 info: [MetadataServer] Запуск...
2026-05-04 12:21:33:2133 info: [MetadataServer] Успешно подключено 2 клиента к Redis (основной и подписчик).
2026-05-04 12:21:33:2133 info: [MetadataServer] Пытаюсь получить каталоги с http://localhost:30031/internal/api/v1/catalogs/modules и http://localhost:30031/internal/api/v1/catalogs/shipsbonuses
2026-05-04 12:21:33:2133 error: [MetadataServer] Не удалось получить каталоги: Error. Повторная попытка через 5000 мс...
2026-05-04 12:21:33:2133 info: [MetadataServer] Успешное подключение к MongoDB.
2026-05-04 12:21:38:2138 info: [MetadataServer] Все каталоги успешно получены.
2026-05-04 12:21:38:2138 info: Обработчики грациозного завершения инициализированы.
2026-05-04 12:21:38:2138 info: [MetadataServer] Инициализация завершена. HTTP-сервер слушает порт 3004
2026-05-04 14:53:10:5310 warn: Получен сигнал SIGINT. Начинаю грациозное завершение...
2026-05-04 14:53:10:5310 info: Закрытие соединения с Redis...
2026-05-04 14:53:10:5310 info: HTTP-сервер больше не принимает новые соединения.
2026-05-04 14:53:10:5310 info: Соединения с Redis успешно закрыты.
2026-05-04 15:11:51:1151 info: [MetadataServer] Загружены данные для 10 Echo.
2026-05-04 15:11:51:1151 info: [MetadataServer] Запуск...
2026-05-04 15:11:52:1152 info: [MetadataServer] Успешно подключено 2 клиента к Redis (основной и подписчик).
2026-05-04 15:11:52:1152 info: [MetadataServer] Пытаюсь получить каталоги с http://localhost:30031/internal/api/v1/catalogs/modules и http://localhost:30031/internal/api/v1/catalogs/shipsbonuses
2026-05-04 15:11:52:1152 error: [MetadataServer] Не удалось получить каталоги: Error. Повторная попытка через 5000 мс...
2026-05-04 15:11:53:1153 info: [MetadataServer] Успешное подключение к MongoDB.
2026-05-04 15:11:58:1158 info: [MetadataServer] Все каталоги успешно получены.
2026-05-04 15:11:58:1158 info: Обработчики грациозного завершения инициализированы.
2026-05-04 15:11:58:1158 info: [MetadataServer] Инициализация завершена. HTTP-сервер слушает порт 3004
2026-05-04 15:13:53:1353 warn: Получен сигнал SIGINT. Начинаю грациозное завершение...
2026-05-04 15:13:53:1353 info: Закрытие соединения с Redis...
2026-05-04 15:13:53:1353 info: HTTP-сервер больше не принимает новые соединения.
2026-05-04 15:13:53:1353 info: Соединения с Redis успешно закрыты.
2026-05-04 15:26:30:2630 info: [MetadataServer] Загружены данные для 10 Echo.
2026-05-04 15:26:30:2630 info: [MetadataServer] Запуск...
2026-05-04 15:26:32:2632 info: [MetadataServer] Успешно подключено 2 клиента к Redis (основной и подписчик).
2026-05-04 15:26:32:2632 info: [MetadataServer] Пытаюсь получить каталоги с http://localhost:30031/internal/api/v1/catalogs/modules и http://localhost:30031/internal/api/v1/catalogs/shipsbonuses
2026-05-04 15:26:32:2632 error: [MetadataServer] Не удалось получить каталоги: Error. Повторная попытка через 5000 мс...
2026-05-04 15:26:32:2632 info: [MetadataServer] Успешное подключение к MongoDB.
2026-05-04 15:26:37:2637 info: [MetadataServer] Все каталоги успешно получены.
2026-05-04 15:26:37:2637 info: Обработчики грациозного завершения инициализированы.
2026-05-04 15:26:37:2637 info: [MetadataServer] Инициализация завершена. HTTP-сервер слушает порт 3004
2026-05-04 15:32:24:3224 warn: Получен сигнал SIGINT. Начинаю грациозное завершение...
2026-05-04 15:32:24:3224 info: Закрытие соединения с Redis...
2026-05-04 15:32:24:3224 info: HTTP-сервер больше не принимает новые соединения.
2026-05-04 15:32:24:3224 info: Соединения с Redis успешно закрыты.
2026-05-04 15:32:52:3252 info: [MetadataServer] Загружены данные для 10 Echo.
2026-05-04 15:32:52:3252 info: [MetadataServer] Запуск...
2026-05-04 15:32:53:3253 info: [MetadataServer] Успешно подключено 2 клиента к Redis (основной и подписчик).
2026-05-04 15:32:53:3253 info: [MetadataServer] Пытаюсь получить каталоги с http://localhost:30031/internal/api/v1/catalogs/modules и http://localhost:30031/internal/api/v1/catalogs/shipsbonuses
2026-05-04 15:32:53:3253 error: [MetadataServer] Не удалось получить каталоги: Error. Повторная попытка через 5000 мс...
2026-05-04 15:32:53:3253 info: [MetadataServer] Успешное подключение к MongoDB.
2026-05-04 15:32:58:3258 info: [MetadataServer] Все каталоги успешно получены.
2026-05-04 15:32:58:3258 info: Обработчики грациозного завершения инициализированы.
2026-05-04 15:32:58:3258 info: [MetadataServer] Инициализация завершена. HTTP-сервер слушает порт 3004
2026-05-04 15:35:10:3510 warn: Получен сигнал SIGINT. Начинаю грациозное завершение...
2026-05-04 15:35:10:3510 info: Закрытие соединения с Redis...
2026-05-04 15:35:10:3510 info: HTTP-сервер больше не принимает новые соединения.
2026-05-04 15:35:10:3510 info: Соединения с Redis успешно закрыты.
2026-05-04 15:35:15:3515 info: [MetadataServer] Загружены данные для 10 Echo.
2026-05-04 15:35:15:3515 info: [MetadataServer] Запуск...
2026-05-04 15:35:17:3517 info: [MetadataServer] Успешно подключено 2 клиента к Redis (основной и подписчик).
2026-05-04 15:35:17:3517 info: [MetadataServer] Пытаюсь получить каталоги с http://localhost:30031/internal/api/v1/catalogs/modules и http://localhost:30031/internal/api/v1/catalogs/shipsbonuses
2026-05-04 15:35:17:3517 error: [MetadataServer] Не удалось получить каталоги: Error. Повторная попытка через 5000 мс...
2026-05-04 15:35:17:3517 info: [MetadataServer] Успешное подключение к MongoDB.
2026-05-04 15:35:22:3522 info: [MetadataServer] Все каталоги успешно получены.
2026-05-04 15:35:22:3522 info: Обработчики грациозного завершения инициализированы.
2026-05-04 15:35:22:3522 info: [MetadataServer] Инициализация завершена. HTTP-сервер слушает порт 3004
2026-05-04 15:36:20:3620 warn: Получен сигнал SIGINT. Начинаю грациозное завершение...
2026-05-04 15:36:20:3620 info: Закрытие соединения с Redis...
2026-05-04 15:36:20:3620 info: HTTP-сервер больше не принимает новые соединения.
2026-05-04 15:36:20:3620 info: Соединения с Redis успешно закрыты.
2026-05-04 15:36:20:3620 info: Закрытие соединения с MongoDB...
2026-05-04 15:36:29:3629 info: [MetadataServer] Загружены данные для 10 Echo.
2026-05-04 15:36:29:3629 info: [MetadataServer] Запуск...
2026-05-04 15:36:30:3630 info: [MetadataServer] Успешно подключено 2 клиента к Redis (основной и подписчик).
2026-05-04 15:36:30:3630 info: [MetadataServer] Пытаюсь получить каталоги с http://localhost:30031/internal/api/v1/catalogs/modules и http://localhost:30031/internal/api/v1/catalogs/shipsbonuses
2026-05-04 15:36:30:3630 error: [MetadataServer] Не удалось получить каталоги: Error. Повторная попытка через 5000 мс...
2026-05-04 15:36:30:3630 info: [MetadataServer] Успешное подключение к MongoDB.
2026-05-04 15:36:35:3635 info: [MetadataServer] Все каталоги успешно получены.
2026-05-04 15:36:35:3635 info: Обработчики грациозного завершения инициализированы.
2026-05-04 15:36:35:3635 info: [MetadataServer] Инициализация завершена. HTTP-сервер слушает порт 3004
2026-05-04 15:45:34:4534 warn: Получен сигнал SIGINT. Начинаю грациозное завершение...
2026-05-04 15:45:34:4534 info: Закрытие соединения с Redis...
2026-05-04 15:45:34:4534 info: HTTP-сервер больше не принимает новые соединения.
2026-05-04 15:45:34:4534 info: Соединения с Redis успешно закрыты.
2026-05-04 15:45:34:4534 info: Закрытие соединения с MongoDB...
2026-05-04 15:49:25:4925 info: [MetadataServer] Загружены данные для 10 Echo.
2026-05-04 15:49:25:4925 info: [MetadataServer] Запуск...
2026-05-04 15:49:27:4927 info: [MetadataServer] Успешно подключено 2 клиента к Redis (основной и подписчик).
2026-05-04 15:49:27:4927 info: [MetadataServer] Пытаюсь получить каталоги с http://localhost:30031/internal/api/v1/catalogs/modules и http://localhost:30031/internal/api/v1/catalogs/shipsbonuses
2026-05-04 15:49:27:4927 error: [MetadataServer] Не удалось получить каталоги: Error. Повторная попытка через 5000 мс...
2026-05-04 15:49:27:4927 info: [MetadataServer] Успешное подключение к MongoDB.
2026-05-04 15:49:32:4932 info: [MetadataServer] Все каталоги успешно получены.
2026-05-04 15:49:32:4932 info: Обработчики грациозного завершения инициализированы.
2026-05-04 15:49:32:4932 info: [MetadataServer] Инициализация завершена. HTTP-сервер слушает порт 3004
2026-05-04 15:54:10:5410 warn: Получен сигнал SIGINT. Начинаю грациозное завершение...
2026-05-04 15:54:10:5410 info: Закрытие соединения с Redis...
2026-05-04 15:54:10:5410 info: HTTP-сервер больше не принимает новые соединения.
2026-05-04 15:54:10:5410 info: Соединения с Redis успешно закрыты.
2026-05-04 15:54:10:5410 info: Закрытие соединения с MongoDB...
2026-05-04 15:54:16:5416 info: [MetadataServer] Загружены данные для 10 Echo.
2026-05-04 15:54:16:5416 info: [MetadataServer] Запуск...
2026-05-04 15:54:18:5418 info: [MetadataServer] Успешно подключено 2 клиента к Redis (основной и подписчик).
2026-05-04 15:54:18:5418 info: [MetadataServer] Пытаюсь получить каталоги с http://localhost:30031/internal/api/v1/catalogs/modules и http://localhost:30031/internal/api/v1/catalogs/shipsbonuses
2026-05-04 15:54:18:5418 error: [MetadataServer] Не удалось получить каталоги: Error. Повторная попытка через 5000 мс...
2026-05-04 15:54:18:5418 info: [MetadataServer] Успешное подключение к MongoDB.
2026-05-04 15:54:23:5423 info: [MetadataServer] Все каталоги успешно получены.
2026-05-04 15:54:23:5423 info: Обработчики грациозного завершения инициализированы.
2026-05-04 15:54:23:5423 info: [MetadataServer] Инициализация завершена. HTTP-сервер слушает порт 3004
2026-05-04 15:56:14:5614 warn: Получен сигнал SIGINT. Начинаю грациозное завершение...
2026-05-04 15:56:14:5614 info: Закрытие соединения с Redis...
2026-05-04 15:56:14:5614 info: HTTP-сервер больше не принимает новые соединения.
2026-05-04 15:56:14:5614 info: Соединения с Redis успешно закрыты.
2026-05-04 16:08:17:817 info: [MetadataServer] Загружены данные для 10 Echo.
2026-05-04 16:08:17:817 info: [MetadataServer] Запуск...
2026-05-04 16:08:19:819 info: [MetadataServer] Успешно подключено 2 клиента к Redis (основной и подписчик).
2026-05-04 16:08:19:819 info: [MetadataServer] Пытаюсь получить каталоги с http://localhost:30031/internal/api/v1/catalogs/modules и http://localhost:30031/internal/api/v1/catalogs/shipsbonuses
2026-05-04 16:08:19:819 error: [MetadataServer] Не удалось получить каталоги: Error. Повторная попытка через 5000 мс...
2026-05-04 16:08:19:819 info: [MetadataServer] Успешное подключение к MongoDB.
2026-05-04 16:08:24:824 info: [MetadataServer] Все каталоги успешно получены.
2026-05-04 16:08:24:824 info: Обработчики грациозного завершения инициализированы.
2026-05-04 16:08:24:824 info: [MetadataServer] Инициализация завершена. HTTP-сервер слушает порт 3004
2026-05-04 16:13:42:1342 warn: Получен сигнал SIGINT. Начинаю грациозное завершение...
2026-05-04 16:13:42:1342 info: Закрытие соединения с Redis...
2026-05-04 16:13:42:1342 info: HTTP-сервер больше не принимает новые соединения.
2026-05-04 16:13:42:1342 info: Соединения с Redis успешно закрыты.
2026-05-04 16:13:49:1349 info: [MetadataServer] Загружены данные для 10 Echo.
2026-05-04 16:13:49:1349 info: [MetadataServer] Запуск...
2026-05-04 16:13:50:1350 info: [MetadataServer] Успешно подключено 2 клиента к Redis (основной и подписчик).
2026-05-04 16:13:50:1350 info: [MetadataServer] Пытаюсь получить каталоги с http://localhost:30031/internal/api/v1/catalogs/modules и http://localhost:30031/internal/api/v1/catalogs/shipsbonuses
2026-05-04 16:13:51:1351 error: [MetadataServer] Не удалось получить каталоги: Error. Повторная попытка через 5000 мс...
2026-05-04 16:13:51:1351 info: [MetadataServer] Успешное подключение к MongoDB.
2026-05-04 16:13:56:1356 info: [MetadataServer] Все каталоги успешно получены.
2026-05-04 16:13:56:1356 info: Обработчики грациозного завершения инициализированы.
2026-05-04 16:13:56:1356 info: [MetadataServer] Инициализация завершена. HTTP-сервер слушает порт 3004
2026-05-04 16:21:19:2119 warn: Получен сигнал SIGINT. Начинаю грациозное завершение...
2026-05-04 16:21:19:2119 info: Закрытие соединения с Redis...
2026-05-04 16:21:19:2119 info: HTTP-сервер больше не принимает новые соединения.
2026-05-04 16:21:19:2119 info: Соединения с Redis успешно закрыты.
2026-05-04 16:21:19:2119 info: Закрытие соединения с MongoDB...
2026-05-04 16:21:25:2125 info: [MetadataServer] Загружены данные для 10 Echo.
2026-05-04 16:21:25:2125 info: [MetadataServer] Запуск...
2026-05-04 16:21:27:2127 info: [MetadataServer] Успешно подключено 2 клиента к Redis (основной и подписчик).
2026-05-04 16:21:27:2127 info: [MetadataServer] Пытаюсь получить каталоги с http://localhost:30031/internal/api/v1/catalogs/modules и http://localhost:30031/internal/api/v1/catalogs/shipsbonuses
2026-05-04 16:21:27:2127 error: [MetadataServer] Не удалось получить каталоги: Error. Повторная попытка через 5000 мс...
2026-05-04 16:21:27:2127 info: [MetadataServer] Успешное подключение к MongoDB.
2026-05-04 16:21:32:2132 info: [MetadataServer] Все каталоги успешно получены.
2026-05-04 16:21:32:2132 info: Обработчики грациозного завершения инициализированы.
2026-05-04 16:21:32:2132 info: [MetadataServer] Инициализация завершена. HTTP-сервер слушает порт 3004
2026-05-04 16:23:00:230 warn: Получен сигнал SIGINT. Начинаю грациозное завершение...
2026-05-04 16:23:00:230 info: Закрытие соединения с Redis...
2026-05-04 16:23:00:230 info: HTTP-сервер больше не принимает новые соединения.
2026-05-04 16:23:00:230 info: Соединения с Redis успешно закрыты.
2026-05-04 16:27:37:2737 info: [MetadataServer] Загружены данные для 10 Echo.
2026-05-04 16:27:37:2737 info: [MetadataServer] Запуск...
2026-05-04 16:27:40:2740 info: [MetadataServer] Успешно подключено 2 клиента к Redis (основной и подписчик).
2026-05-04 16:27:40:2740 info: [MetadataServer] Пытаюсь получить каталоги с http://localhost:30031/internal/api/v1/catalogs/modules и http://localhost:30031/internal/api/v1/catalogs/shipsbonuses
2026-05-04 16:27:40:2740 info: [MetadataServer] Все каталоги успешно получены.
2026-05-04 16:27:40:2740 info: [MetadataServer] Успешное подключение к MongoDB.
2026-05-04 16:27:40:2740 info: Обработчики грациозного завершения инициализированы.
2026-05-04 16:27:40:2740 info: [MetadataServer] Инициализация завершена. HTTP-сервер слушает порт 3004
2026-05-04 16:42:30:4230 warn: Получен сигнал SIGINT. Начинаю грациозное завершение...
2026-05-04 16:42:30:4230 info: Закрытие соединения с Redis...
2026-05-04 16:42:30:4230 info: HTTP-сервер больше не принимает новые соединения.
2026-05-04 16:42:30:4230 info: Соединения с Redis успешно закрыты.
2026-05-04 16:42:30:4230 info: Закрытие соединения с MongoDB...
2026-05-04 16:43:38:4338 info: [MetadataServer] Загружены данные для 10 Echo.
2026-05-04 16:43:38:4338 info: [MetadataServer] Запуск...
2026-05-04 16:43:40:4340 info: [MetadataServer] Успешно подключено 2 клиента к Redis (основной и подписчик).
2026-05-04 16:43:40:4340 info: [MetadataServer] Пытаюсь получить каталоги с http://localhost:30031/internal/api/v1/catalogs/modules и http://localhost:30031/internal/api/v1/catalogs/shipsbonuses
2026-05-04 16:43:40:4340 error: [MetadataServer] Не удалось получить каталоги: Error. Повторная попытка через 5000 мс...
2026-05-04 16:43:40:4340 info: [MetadataServer] Успешное подключение к MongoDB.
2026-05-04 16:43:45:4345 info: [MetadataServer] Все каталоги успешно получены.
2026-05-04 16:43:45:4345 info: Обработчики грациозного завершения инициализированы.
2026-05-04 16:43:45:4345 info: [MetadataServer] Инициализация завершена. HTTP-сервер слушает порт 3004
2026-05-04 16:51:49:5149 warn: Получен сигнал SIGINT. Начинаю грациозное завершение...
2026-05-04 16:51:49:5149 info: Закрытие соединения с Redis...
2026-05-04 16:51:49:5149 info: HTTP-сервер больше не принимает новые соединения.
2026-05-04 16:51:49:5149 info: Соединения с Redis успешно закрыты.
2026-05-04 16:51:56:5156 info: [MetadataServer] Загружены данные для 10 Echo.
2026-05-04 16:51:56:5156 info: [MetadataServer] Запуск...
2026-05-04 16:51:57:5157 info: [MetadataServer] Успешно подключено 2 клиента к Redis (основной и подписчик).
2026-05-04 16:51:57:5157 info: [MetadataServer] Пытаюсь получить каталоги с http://localhost:30031/internal/api/v1/catalogs/modules и http://localhost:30031/internal/api/v1/catalogs/shipsbonuses
2026-05-04 16:51:57:5157 error: [MetadataServer] Не удалось получить каталоги: Error. Повторная попытка через 5000 мс...
2026-05-04 16:51:57:5157 info: [MetadataServer] Успешное подключение к MongoDB.
2026-05-04 16:52:02:522 info: [MetadataServer] Все каталоги успешно получены.
2026-05-04 16:52:02:522 info: Обработчики грациозного завершения инициализированы.
2026-05-04 16:52:02:522 info: [MetadataServer] Инициализация завершена. HTTP-сервер слушает порт 3004
2026-05-04 16:55:58:5558 warn: Получен сигнал SIGINT. Начинаю грациозное завершение...
2026-05-04 16:55:58:5558 info: Закрытие соединения с Redis...
2026-05-04 16:55:58:5558 info: HTTP-сервер больше не принимает новые соединения.
2026-05-04 16:55:58:5558 info: Соединения с Redis успешно закрыты.
2026-05-04 16:56:33:5633 info: [MetadataServer] Загружены данные для 10 Echo.
2026-05-04 16:56:33:5633 info: [MetadataServer] Запуск...
2026-05-04 16:56:34:5634 info: [MetadataServer] Успешно подключено 2 клиента к Redis (основной и подписчик).
2026-05-04 16:56:34:5634 info: [MetadataServer] Пытаюсь получить каталоги с http://localhost:30031/internal/api/v1/catalogs/modules и http://localhost:30031/internal/api/v1/catalogs/shipsbonuses
2026-05-04 16:56:34:5634 error: [MetadataServer] Не удалось получить каталоги: Error. Повторная попытка через 5000 мс...
2026-05-04 16:56:34:5634 info: [MetadataServer] Успешное подключение к MongoDB.
2026-05-04 16:56:46:5646 info: [MetadataServer] Загружены данные для 10 Echo.
2026-05-04 16:56:46:5646 info: [MetadataServer] Запуск...
2026-05-04 16:56:48:5648 info: [MetadataServer] Успешно подключено 2 клиента к Redis (основной и подписчик).
2026-05-04 16:56:48:5648 info: [MetadataServer] Пытаюсь получить каталоги с http://localhost:30031/internal/api/v1/catalogs/modules и http://localhost:30031/internal/api/v1/catalogs/shipsbonuses
2026-05-04 16:56:48:5648 error: [MetadataServer] Не удалось получить каталоги: Error. Повторная попытка через 5000 мс...
2026-05-04 16:56:48:5648 info: [MetadataServer] Успешное подключение к MongoDB.
2026-05-04 16:56:53:5653 info: [MetadataServer] Все каталоги успешно получены.
2026-05-04 16:56:53:5653 info: Обработчики грациозного завершения инициализированы.
2026-05-04 16:56:53:5653 info: [MetadataServer] Инициализация завершена. HTTP-сервер слушает порт 3004
2026-05-04 16:57:11:5711 warn: Получен сигнал SIGINT. Начинаю грациозное завершение...
2026-05-04 16:57:11:5711 info: Закрытие соединения с Redis...
2026-05-04 16:57:11:5711 info: HTTP-сервер больше не принимает новые соединения.
2026-05-04 16:57:11:5711 info: Соединения с Redis успешно закрыты.
2026-05-04 16:57:20:5720 info: [MetadataServer] Загружены данные для 10 Echo.
2026-05-04 16:57:20:5720 info: [MetadataServer] Запуск...
2026-05-04 16:57:21:5721 info: [MetadataServer] Успешно подключено 2 клиента к Redis (основной и подписчик).
2026-05-04 16:57:21:5721 info: [MetadataServer] Пытаюсь получить каталоги с http://localhost:30031/internal/api/v1/catalogs/modules и http://localhost:30031/internal/api/v1/catalogs/shipsbonuses
2026-05-04 16:57:21:5721 error: [MetadataServer] Не удалось получить каталоги: Error. Повторная попытка через 5000 мс...
2026-05-04 16:57:21:5721 info: [MetadataServer] Успешное подключение к MongoDB.
2026-05-04 16:57:26:5726 info: [MetadataServer] Все каталоги успешно получены.
2026-05-04 16:57:26:5726 info: Обработчики грациозного завершения инициализированы.
2026-05-04 16:57:26:5726 info: [MetadataServer] Инициализация завершена. HTTP-сервер слушает порт 3004
2026-05-04 18:02:35:235 warn: Получен сигнал SIGINT. Начинаю грациозное завершение...
2026-05-04 18:02:35:235 info: Закрытие соединения с Redis...
2026-05-04 18:02:35:235 info: HTTP-сервер больше не принимает новые соединения.
2026-05-04 18:02:35:235 info: Соединения с Redis успешно закрыты.
2026-05-04 18:04:09:49 info: [MetadataServer] Загружены данные для 10 Echo.
2026-05-04 18:04:09:49 info: [MetadataServer] Запуск...
2026-05-04 18:04:11:411 info: [MetadataServer] Успешно подключено 2 клиента к Redis (основной и подписчик).
2026-05-04 18:04:11:411 info: [MetadataServer] Пытаюсь получить каталоги с http://localhost:30031/internal/api/v1/catalogs/modules и http://localhost:30031/internal/api/v1/catalogs/shipsbonuses
2026-05-04 18:04:11:411 error: [MetadataServer] Не удалось получить каталоги: Error. Повторная попытка через 5000 мс...
2026-05-04 18:04:11:411 info: [MetadataServer] Успешное подключение к MongoDB.
2026-05-04 18:04:16:416 info: [MetadataServer] Все каталоги успешно получены.
2026-05-04 18:04:16:416 info: Обработчики грациозного завершения инициализированы.
2026-05-04 18:04:16:416 info: [MetadataServer] Инициализация завершена. HTTP-сервер слушает порт 3004
2026-05-04 19:19:09:199 warn: Получен сигнал SIGINT. Начинаю грациозное завершение...
2026-05-04 19:19:09:199 info: Закрытие соединения с Redis...
2026-05-04 19:19:09:199 info: HTTP-сервер больше не принимает новые соединения.
2026-05-04 19:19:09:199 info: Соединения с Redis успешно закрыты.
