2026-05-10 18:47:11:4711 info: EXP Worker: Успешное подключение к MongoDB.
2026-05-10 18:47:11:4711 info: EXP Worker: Connected to Redis.
2026-05-10 18:47:11:4711 info: Обработчики грациозного завершения для воркера инициализированы.
2026-05-10 18:47:15:4715 warn: Получен сигнал SIGINT. Начинаю грациозное завершение воркера...
2026-05-10 18:47:15:4715 info: Отмена всех запланированных задач...
2026-05-10 18:47:15:4715 info: Ожидание завершения текущей активной задачи (если она запущена)...
2026-05-10 18:47:15:4715 info: Планировщик успешно остановлен.
2026-05-10 18:47:15:4715 info: Активных задач для ожидания не было или они успешно завершились.
2026-05-10 18:47:15:4715 info: Закрытие соединения с Redis...
2026-05-10 18:47:27:4727 info: EXP Worker: Успешное подключение к MongoDB.
2026-05-10 18:47:27:4727 info: EXP Worker: Connected to Redis.
2026-05-10 18:47:27:4727 info: Обработчики грациозного завершения для воркера инициализированы.
2026-05-10 18:49:43:4943 warn: Получен сигнал SIGINT. Начинаю грациозное завершение воркера...
2026-05-10 18:49:43:4943 info: Отмена всех запланированных задач...
2026-05-10 18:49:43:4943 info: Ожидание завершения текущей активной задачи (если она запущена)...
2026-05-10 18:49:43:4943 info: Планировщик успешно остановлен.
2026-05-10 18:49:43:4943 info: Активных задач для ожидания не было или они успешно завершились.
2026-05-10 18:49:43:4943 info: Закрытие соединения с Redis...
2026-05-10 18:49:55:4955 info: EXP Worker: Успешное подключение к MongoDB.
2026-05-10 18:49:55:4955 info: EXP Worker: Connected to Redis.
2026-05-10 18:49:55:4955 info: Обработчики грациозного завершения для воркера инициализированы.
2026-05-10 18:50:00:500 info: EXP Worker: Job finished. {
  "modifiedCount": 2,
  "matchedCount": 2,
  "totalOwnersInList": 2,
  "durationMs": 50
}
2026-05-10 18:53:10:5310 warn: Получен сигнал SIGINT. Начинаю грациозное завершение воркера...
2026-05-10 18:53:10:5310 info: Отмена всех запланированных задач...
2026-05-10 18:53:10:5310 info: Ожидание завершения текущей активной задачи (если она запущена)...
2026-05-10 18:53:10:5310 info: Планировщик успешно остановлен.
2026-05-10 18:53:10:5310 info: Активных задач для ожидания не было или они успешно завершились.
2026-05-10 18:53:10:5310 info: Закрытие соединения с Redis...
2026-05-10 18:53:19:5319 info: EXP Worker: Успешное подключение к MongoDB.
2026-05-10 18:53:19:5319 info: EXP Worker: Connected to Redis.
2026-05-10 18:53:19:5319 info: Обработчики грациозного завершения для воркера инициализированы.
2026-05-10 18:54:12:5412 warn: Получен сигнал SIGINT. Начинаю грациозное завершение воркера...
2026-05-10 18:54:12:5412 info: Отмена всех запланированных задач...
2026-05-10 18:54:12:5412 info: Ожидание завершения текущей активной задачи (если она запущена)...
2026-05-10 18:54:12:5412 info: Планировщик успешно остановлен.
2026-05-10 18:54:12:5412 info: Активных задач для ожидания не было или они успешно завершились.
2026-05-10 18:54:12:5412 info: Закрытие соединения с Redis...
2026-05-10 18:54:12:5412 info: Соединение с Redis успешно закрыто.
2026-05-10 18:54:21:5421 info: EXP Worker: Успешное подключение к MongoDB.
2026-05-10 18:54:21:5421 info: EXP Worker: Connected to Redis.
2026-05-10 18:54:21:5421 info: Обработчики грациозного завершения для воркера инициализированы.
2026-05-10 18:56:20:5620 warn: Получен сигнал SIGINT. Начинаю грациозное завершение воркера...
2026-05-10 18:56:20:5620 info: Отмена всех запланированных задач...
2026-05-10 18:56:20:5620 info: Ожидание завершения текущей активной задачи (если она запущена)...
2026-05-10 18:56:20:5620 info: Планировщик успешно остановлен.
2026-05-10 18:56:20:5620 info: Активных задач для ожидания не было или они успешно завершились.
2026-05-10 18:56:20:5620 info: Закрытие соединения с Redis...
2026-05-10 18:56:20:5620 info: Соединение с Redis успешно закрыто.
2026-05-10 18:56:55:5655 info: EXP Worker: Успешное подключение к MongoDB.
2026-05-10 18:56:55:5655 info: EXP Worker: Connected to Redis.
2026-05-10 18:56:55:5655 info: Обработчики грациозного завершения для воркера инициализированы.
2026-05-10 18:57:56:5756 warn: Получен сигнал SIGINT. Начинаю грациозное завершение воркера...
2026-05-10 18:57:56:5756 info: Отмена всех запланированных задач...
2026-05-10 18:57:56:5756 info: Ожидание завершения текущей активной задачи (если она запущена)...
2026-05-10 18:57:56:5756 info: Планировщик успешно остановлен.
2026-05-10 18:57:56:5756 info: Активных задач для ожидания не было или они успешно завершились.
2026-05-10 18:57:56:5756 info: Закрытие соединения с Redis...
2026-05-10 18:57:56:5756 info: Соединение с Redis успешно закрыто.
2026-05-10 18:58:47:5847 info: EXP Worker: Успешное подключение к MongoDB.
2026-05-10 18:58:47:5847 info: EXP Worker: Connected to Redis.
2026-05-10 18:58:47:5847 info: Обработчики грациозного завершения для воркера инициализированы.
2026-05-10 19:00:00:00 info: EXP Worker: Job finished. {
  "modifiedCount": 2,
  "matchedCount": 2,
  "totalOwnersInList": 2,
  "durationMs": 48
}
2026-05-10 19:06:31:631 warn: Получен сигнал SIGINT. Начинаю грациозное завершение воркера...
2026-05-10 19:06:31:631 info: Отмена всех запланированных задач...
2026-05-10 19:06:31:631 info: Ожидание завершения текущей активной задачи (если она запущена)...
2026-05-10 19:06:31:631 info: Планировщик успешно остановлен.
2026-05-10 19:06:31:631 info: Активных задач для ожидания не было или они успешно завершились.
2026-05-10 19:06:31:631 info: Закрытие соединения с Redis...
2026-05-10 19:06:31:631 info: Соединение с Redis успешно закрыто.
2026-05-10 19:25:36:2536 info: EXP Worker: Успешное подключение к MongoDB.
2026-05-10 19:25:36:2536 info: EXP Worker: Connected to Redis.
2026-05-10 19:25:36:2536 info: Обработчики грациозного завершения для воркера инициализированы.
2026-05-10 19:26:28:2628 warn: Получен сигнал SIGINT. Начинаю грациозное завершение воркера...
2026-05-10 19:26:28:2628 info: Отмена всех запланированных задач...
2026-05-10 19:26:28:2628 info: Ожидание завершения текущей активной задачи (если она запущена)...
2026-05-10 19:26:28:2628 info: Планировщик успешно остановлен.
2026-05-10 19:26:28:2628 info: Активных задач для ожидания не было или они успешно завершились.
2026-05-10 19:26:28:2628 info: Закрытие соединения с Redis...
2026-05-10 19:26:28:2628 info: Соединение с Redis успешно закрыто.
2026-05-10 20:01:31:131 info: EXP Worker: Успешное подключение к MongoDB.
2026-05-10 20:01:32:132 info: EXP Worker: Connected to Redis.
2026-05-10 20:01:32:132 info: Обработчики грациозного завершения для воркера инициализированы.
2026-05-10 20:02:18:218 warn: Получен сигнал SIGINT. Начинаю грациозное завершение воркера...
2026-05-10 20:02:18:218 info: Отмена всех запланированных задач...
2026-05-10 20:02:18:218 info: Ожидание завершения текущей активной задачи (если она запущена)...
2026-05-10 20:02:18:218 info: Планировщик успешно остановлен.
2026-05-10 20:02:18:218 info: Активных задач для ожидания не было или они успешно завершились.
2026-05-10 20:02:18:218 info: Закрытие соединения с Redis...
2026-05-10 20:02:18:218 info: Соединение с Redis успешно закрыто.
