2026-05-03 15:23:56:2356 info: EXP Worker: Успешное подключение к MongoDB.
2026-05-03 15:23:56:2356 info: EXP Worker: Connected to Redis.
2026-05-03 15:23:56:2356 info: Обработчики грациозного завершения для воркера инициализированы.
2026-05-03 15:30:00:300 info: EXP Worker: Job finished. {
  "modifiedCount": 1,
  "matchedCount": 1,
  "totalOwnersInList": 1,
  "durationMs": 49
}
2026-05-03 15:40:00:400 info: EXP Worker: Job finished. {
  "modifiedCount": 2,
  "matchedCount": 2,
  "totalOwnersInList": 2,
  "durationMs": 10
}
2026-05-03 15:47:01:471 warn: Получен сигнал SIGINT. Начинаю грациозное завершение воркера...
2026-05-03 15:47:01:471 info: Отмена всех запланированных задач...
2026-05-03 15:47:01:471 info: Ожидание завершения текущей активной задачи (если она запущена)...
2026-05-03 15:47:01:471 info: Планировщик успешно остановлен.
2026-05-03 15:47:01:471 info: Активных задач для ожидания не было или они успешно завершились.
2026-05-03 15:47:01:471 info: Закрытие соединения с Redis...
2026-05-03 15:47:01:471 info: Соединение с Redis успешно закрыто.
2026-05-03 15:47:01:471 info: Закрытие соединения с MongoDB...
2026-05-03 15:48:15:4815 info: EXP Worker: Успешное подключение к MongoDB.
2026-05-03 15:48:15:4815 info: EXP Worker: Connected to Redis.
2026-05-03 15:48:15:4815 info: Обработчики грациозного завершения для воркера инициализированы.
2026-05-03 15:49:39:4939 warn: Получен сигнал SIGINT. Начинаю грациозное завершение воркера...
2026-05-03 15:49:39:4939 info: Отмена всех запланированных задач...
2026-05-03 15:49:39:4939 info: Ожидание завершения текущей активной задачи (если она запущена)...
2026-05-03 15:49:39:4939 info: Планировщик успешно остановлен.
2026-05-03 15:49:39:4939 info: Активных задач для ожидания не было или они успешно завершились.
2026-05-03 15:49:39:4939 info: Закрытие соединения с Redis...
2026-05-03 15:49:39:4939 info: Соединение с Redis успешно закрыто.
2026-05-03 15:49:46:4946 info: EXP Worker: Успешное подключение к MongoDB.
2026-05-03 15:49:46:4946 info: EXP Worker: Connected to Redis.
2026-05-03 15:49:46:4946 info: Обработчики грациозного завершения для воркера инициализированы.
2026-05-03 15:50:00:500 info: EXP Worker: Job finished. {
  "modifiedCount": 2,
  "matchedCount": 2,
  "totalOwnersInList": 2,
  "durationMs": 20
}
2026-05-03 15:51:10:5110 warn: Получен сигнал SIGINT. Начинаю грациозное завершение воркера...
2026-05-03 15:51:10:5110 info: Отмена всех запланированных задач...
2026-05-03 15:51:10:5110 info: Ожидание завершения текущей активной задачи (если она запущена)...
2026-05-03 15:51:10:5110 info: Планировщик успешно остановлен.
2026-05-03 15:51:10:5110 info: Активных задач для ожидания не было или они успешно завершились.
2026-05-03 15:51:10:5110 info: Закрытие соединения с Redis...
2026-05-03 15:51:25:5125 info: EXP Worker: Успешное подключение к MongoDB.
2026-05-03 15:51:25:5125 info: EXP Worker: Connected to Redis.
2026-05-03 15:51:25:5125 info: Обработчики грациозного завершения для воркера инициализированы.
2026-05-03 15:52:59:5259 warn: Получен сигнал SIGINT. Начинаю грациозное завершение воркера...
2026-05-03 15:52:59:5259 info: Отмена всех запланированных задач...
2026-05-03 15:52:59:5259 info: Ожидание завершения текущей активной задачи (если она запущена)...
2026-05-03 15:52:59:5259 info: Планировщик успешно остановлен.
2026-05-03 15:52:59:5259 info: Активных задач для ожидания не было или они успешно завершились.
2026-05-03 15:52:59:5259 info: Закрытие соединения с Redis...
2026-05-03 15:53:08:538 info: EXP Worker: Успешное подключение к MongoDB.
2026-05-03 15:53:08:538 info: EXP Worker: Connected to Redis.
2026-05-03 15:53:08:538 info: Обработчики грациозного завершения для воркера инициализированы.
2026-05-03 15:53:40:5340 warn: Получен сигнал SIGINT. Начинаю грациозное завершение воркера...
2026-05-03 15:53:40:5340 info: Отмена всех запланированных задач...
2026-05-03 15:53:40:5340 info: Ожидание завершения текущей активной задачи (если она запущена)...
2026-05-03 15:53:40:5340 info: Планировщик успешно остановлен.
2026-05-03 15:53:40:5340 info: Активных задач для ожидания не было или они успешно завершились.
2026-05-03 15:53:40:5340 info: Закрытие соединения с Redis...
2026-05-03 15:53:59:5359 info: EXP Worker: Успешное подключение к MongoDB.
2026-05-03 15:53:59:5359 info: EXP Worker: Connected to Redis.
2026-05-03 15:53:59:5359 info: Обработчики грациозного завершения для воркера инициализированы.
2026-05-03 15:54:26:5426 warn: Получен сигнал SIGINT. Начинаю грациозное завершение воркера...
2026-05-03 15:54:26:5426 info: Отмена всех запланированных задач...
2026-05-03 15:54:26:5426 info: Ожидание завершения текущей активной задачи (если она запущена)...
2026-05-03 15:54:26:5426 info: Планировщик успешно остановлен.
2026-05-03 15:54:26:5426 info: Активных задач для ожидания не было или они успешно завершились.
2026-05-03 15:54:26:5426 info: Закрытие соединения с Redis...
2026-05-03 15:54:26:5426 info: Соединение с Redis успешно закрыто.
2026-05-03 15:54:43:5443 info: EXP Worker: Успешное подключение к MongoDB.
2026-05-03 15:54:44:5444 info: EXP Worker: Connected to Redis.
2026-05-03 15:54:44:5444 info: Обработчики грациозного завершения для воркера инициализированы.
2026-05-03 15:55:48:5548 warn: Получен сигнал SIGINT. Начинаю грациозное завершение воркера...
2026-05-03 15:55:48:5548 info: Отмена всех запланированных задач...
2026-05-03 15:55:48:5548 info: Ожидание завершения текущей активной задачи (если она запущена)...
2026-05-03 15:55:48:5548 info: Планировщик успешно остановлен.
2026-05-03 15:55:48:5548 info: Активных задач для ожидания не было или они успешно завершились.
2026-05-03 15:55:48:5548 info: Закрытие соединения с Redis...
2026-05-03 15:55:48:5548 info: Соединение с Redis успешно закрыто.
2026-05-03 15:55:59:5559 info: EXP Worker: Успешное подключение к MongoDB.
2026-05-03 15:55:59:5559 info: EXP Worker: Connected to Redis.
2026-05-03 15:55:59:5559 info: Обработчики грациозного завершения для воркера инициализированы.
2026-05-03 15:56:45:5645 warn: Получен сигнал SIGINT. Начинаю грациозное завершение воркера...
2026-05-03 15:56:45:5645 info: Отмена всех запланированных задач...
2026-05-03 15:56:45:5645 info: Ожидание завершения текущей активной задачи (если она запущена)...
2026-05-03 15:56:45:5645 info: Планировщик успешно остановлен.
2026-05-03 15:56:45:5645 info: Активных задач для ожидания не было или они успешно завершились.
2026-05-03 15:56:45:5645 info: Закрытие соединения с Redis...
2026-05-03 15:56:45:5645 info: Соединение с Redis успешно закрыто.
2026-05-03 15:57:03:573 info: EXP Worker: Успешное подключение к MongoDB.
2026-05-03 15:57:03:573 info: EXP Worker: Connected to Redis.
2026-05-03 15:57:03:573 info: Обработчики грациозного завершения для воркера инициализированы.
2026-05-03 15:57:46:5746 warn: Получен сигнал SIGINT. Начинаю грациозное завершение воркера...
2026-05-03 15:57:46:5746 info: Отмена всех запланированных задач...
2026-05-03 15:57:46:5746 info: Ожидание завершения текущей активной задачи (если она запущена)...
2026-05-03 15:57:46:5746 info: Планировщик успешно остановлен.
2026-05-03 15:57:46:5746 info: Активных задач для ожидания не было или они успешно завершились.
2026-05-03 15:57:46:5746 info: Закрытие соединения с Redis...
2026-05-03 15:57:46:5746 info: Соединение с Redis успешно закрыто.
2026-05-03 15:58:00:580 info: EXP Worker: Успешное подключение к MongoDB.
2026-05-03 15:58:01:581 info: EXP Worker: Connected to Redis.
2026-05-03 15:58:01:581 info: Обработчики грациозного завершения для воркера инициализированы.
2026-05-03 15:59:39:5939 warn: Получен сигнал SIGINT. Начинаю грациозное завершение воркера...
2026-05-03 15:59:39:5939 info: Отмена всех запланированных задач...
2026-05-03 15:59:39:5939 info: Ожидание завершения текущей активной задачи (если она запущена)...
2026-05-03 15:59:39:5939 info: Планировщик успешно остановлен.
2026-05-03 15:59:39:5939 info: Активных задач для ожидания не было или они успешно завершились.
2026-05-03 15:59:39:5939 info: Закрытие соединения с Redis...
2026-05-03 15:59:39:5939 info: Соединение с Redis успешно закрыто.
2026-05-03 16:00:12:012 info: EXP Worker: Успешное подключение к MongoDB.
2026-05-03 16:00:12:012 info: EXP Worker: Connected to Redis.
2026-05-03 16:00:12:012 info: Обработчики грациозного завершения для воркера инициализированы.
2026-05-03 16:04:41:441 warn: Получен сигнал SIGINT. Начинаю грациозное завершение воркера...
2026-05-03 16:04:41:441 info: Отмена всех запланированных задач...
2026-05-03 16:04:41:441 info: Ожидание завершения текущей активной задачи (если она запущена)...
2026-05-03 16:04:41:441 info: Планировщик успешно остановлен.
2026-05-03 16:04:41:441 info: Активных задач для ожидания не было или они успешно завершились.
2026-05-03 16:04:41:441 info: Закрытие соединения с Redis...
2026-05-03 16:07:00:70 info: EXP Worker: Успешное подключение к MongoDB.
2026-05-03 16:07:00:70 info: EXP Worker: Connected to Redis.
2026-05-03 16:07:00:70 info: Обработчики грациозного завершения для воркера инициализированы.
2026-05-03 16:07:06:76 warn: Получен сигнал SIGINT. Начинаю грациозное завершение воркера...
2026-05-03 16:07:06:76 info: Отмена всех запланированных задач...
2026-05-03 16:07:06:76 info: Ожидание завершения текущей активной задачи (если она запущена)...
2026-05-03 16:07:06:76 info: Планировщик успешно остановлен.
2026-05-03 16:07:06:76 info: Активных задач для ожидания не было или они успешно завершились.
2026-05-03 16:07:06:76 info: Закрытие соединения с Redis...
2026-05-03 16:07:38:738 info: EXP Worker: Успешное подключение к MongoDB.
2026-05-03 16:07:38:738 info: EXP Worker: Connected to Redis.
2026-05-03 16:07:38:738 info: Обработчики грациозного завершения для воркера инициализированы.
2026-05-03 16:10:00:100 info: EXP Worker: Job finished. {
  "modifiedCount": 2,
  "matchedCount": 2,
  "totalOwnersInList": 2,
  "durationMs": 23
}
2026-05-03 16:18:24:1824 warn: Получен сигнал SIGINT. Начинаю грациозное завершение воркера...
2026-05-03 16:18:24:1824 info: Отмена всех запланированных задач...
2026-05-03 16:18:24:1824 info: Ожидание завершения текущей активной задачи (если она запущена)...
2026-05-03 16:18:24:1824 info: Планировщик успешно остановлен.
2026-05-03 16:18:24:1824 info: Активных задач для ожидания не было или они успешно завершились.
2026-05-03 16:18:24:1824 info: Закрытие соединения с Redis...
2026-05-03 16:18:24:1824 info: Соединение с Redis успешно закрыто.
2026-05-03 16:20:29:2029 info: EXP Worker: Успешное подключение к MongoDB.
2026-05-03 16:20:29:2029 info: EXP Worker: Connected to Redis.
2026-05-03 16:20:29:2029 info: Обработчики грациозного завершения для воркера инициализированы.
2026-05-03 16:24:49:2449 warn: Получен сигнал SIGINT. Начинаю грациозное завершение воркера...
2026-05-03 16:24:49:2449 info: Отмена всех запланированных задач...
2026-05-03 16:24:49:2449 info: Ожидание завершения текущей активной задачи (если она запущена)...
2026-05-03 16:24:49:2449 info: Планировщик успешно остановлен.
2026-05-03 16:24:49:2449 info: Активных задач для ожидания не было или они успешно завершились.
2026-05-03 16:24:49:2449 info: Закрытие соединения с Redis...
2026-05-03 16:24:49:2449 info: Соединение с Redis успешно закрыто.
2026-05-03 16:25:48:2548 info: EXP Worker: Успешное подключение к MongoDB.
2026-05-03 16:25:49:2549 info: EXP Worker: Connected to Redis.
2026-05-03 16:25:49:2549 info: Обработчики грациозного завершения для воркера инициализированы.
2026-05-03 16:30:00:300 info: EXP Worker: Job finished. {
  "modifiedCount": 2,
  "matchedCount": 2,
  "totalOwnersInList": 2,
  "durationMs": 31
}
2026-05-03 16:32:44:3244 warn: Получен сигнал SIGINT. Начинаю грациозное завершение воркера...
2026-05-03 16:32:45:3245 info: Отмена всех запланированных задач...
2026-05-03 16:32:45:3245 info: Ожидание завершения текущей активной задачи (если она запущена)...
2026-05-03 16:32:45:3245 info: Планировщик успешно остановлен.
2026-05-03 16:32:45:3245 info: Активных задач для ожидания не было или они успешно завершились.
2026-05-03 16:32:45:3245 info: Закрытие соединения с Redis...
2026-05-03 16:32:45:3245 info: Соединение с Redis успешно закрыто.
2026-05-03 16:34:07:347 info: EXP Worker: Успешное подключение к MongoDB.
2026-05-03 16:34:07:347 info: EXP Worker: Connected to Redis.
2026-05-03 16:34:07:347 info: Обработчики грациозного завершения для воркера инициализированы.
2026-05-03 16:40:00:400 info: EXP Worker: Job finished. {
  "modifiedCount": 2,
  "matchedCount": 2,
  "totalOwnersInList": 2,
  "durationMs": 13
}
2026-05-03 16:49:26:4926 warn: Получен сигнал SIGINT. Начинаю грациозное завершение воркера...
2026-05-03 16:49:26:4926 info: Отмена всех запланированных задач...
2026-05-03 16:49:26:4926 info: Ожидание завершения текущей активной задачи (если она запущена)...
2026-05-03 16:49:26:4926 info: Планировщик успешно остановлен.
2026-05-03 16:49:26:4926 info: Активных задач для ожидания не было или они успешно завершились.
2026-05-03 16:49:26:4926 info: Закрытие соединения с Redis...
2026-05-03 17:56:35:5635 info: EXP Worker: Успешное подключение к MongoDB.
2026-05-03 17:56:36:5636 info: EXP Worker: Connected to Redis.
2026-05-03 17:56:36:5636 info: Обработчики грациозного завершения для воркера инициализированы.
2026-05-03 17:57:31:5731 warn: Получен сигнал SIGINT. Начинаю грациозное завершение воркера...
2026-05-03 17:57:31:5731 info: Отмена всех запланированных задач...
2026-05-03 17:57:31:5731 info: Ожидание завершения текущей активной задачи (если она запущена)...
2026-05-03 17:57:31:5731 info: Планировщик успешно остановлен.
2026-05-03 17:57:31:5731 info: Активных задач для ожидания не было или они успешно завершились.
2026-05-03 17:57:31:5731 info: Закрытие соединения с Redis...
2026-05-03 17:57:31:5731 info: Соединение с Redis успешно закрыто.
2026-05-03 17:57:37:5737 info: EXP Worker: Успешное подключение к MongoDB.
2026-05-03 17:57:37:5737 info: EXP Worker: Connected to Redis.
2026-05-03 17:57:37:5737 info: Обработчики грациозного завершения для воркера инициализированы.
2026-05-03 17:58:49:5849 warn: Получен сигнал SIGINT. Начинаю грациозное завершение воркера...
2026-05-03 17:58:49:5849 info: Отмена всех запланированных задач...
2026-05-03 17:58:49:5849 info: Ожидание завершения текущей активной задачи (если она запущена)...
2026-05-03 17:58:50:5850 info: Планировщик успешно остановлен.
2026-05-03 17:58:50:5850 info: Активных задач для ожидания не было или они успешно завершились.
2026-05-03 17:58:50:5850 info: Закрытие соединения с Redis...
2026-05-03 17:59:34:5934 info: EXP Worker: Успешное подключение к MongoDB.
2026-05-03 17:59:35:5935 info: EXP Worker: Connected to Redis.
2026-05-03 17:59:35:5935 info: Обработчики грациозного завершения для воркера инициализированы.
2026-05-03 18:00:00:00 info: EXP Worker: Job finished. {
  "modifiedCount": 2,
  "matchedCount": 2,
  "totalOwnersInList": 2,
  "durationMs": 26
}
2026-05-03 18:10:00:100 info: EXP Worker: Job finished. {
  "modifiedCount": 2,
  "matchedCount": 2,
  "totalOwnersInList": 2,
  "durationMs": 30
}
2026-05-03 18:20:00:200 info: EXP Worker: Job finished. {
  "modifiedCount": 2,
  "matchedCount": 2,
  "totalOwnersInList": 2,
  "durationMs": 11
}
2026-05-03 18:30:00:300 info: EXP Worker: Job finished. {
  "modifiedCount": 2,
  "matchedCount": 2,
  "totalOwnersInList": 2,
  "durationMs": 12
}
2026-05-03 18:40:00:400 info: EXP Worker: Job finished. {
  "modifiedCount": 2,
  "matchedCount": 2,
  "totalOwnersInList": 2,
  "durationMs": 12
}
2026-05-03 18:50:00:500 info: EXP Worker: Job finished. {
  "modifiedCount": 2,
  "matchedCount": 2,
  "totalOwnersInList": 2,
  "durationMs": 23
}
2026-05-03 19:00:00:00 info: EXP Worker: Job finished. {
  "modifiedCount": 2,
  "matchedCount": 2,
  "totalOwnersInList": 2,
  "durationMs": 12
}
2026-05-03 19:10:00:100 info: EXP Worker: Job finished. {
  "modifiedCount": 2,
  "matchedCount": 2,
  "totalOwnersInList": 2,
  "durationMs": 7
}
2026-05-03 19:20:00:200 info: EXP Worker: Job finished. {
  "modifiedCount": 2,
  "matchedCount": 2,
  "totalOwnersInList": 2,
  "durationMs": 12
}
2026-05-03 19:30:00:300 info: EXP Worker: Job finished. {
  "modifiedCount": 2,
  "matchedCount": 2,
  "totalOwnersInList": 2,
  "durationMs": 11
}
2026-05-03 19:40:00:400 info: EXP Worker: Job finished. {
  "modifiedCount": 2,
  "matchedCount": 2,
  "totalOwnersInList": 2,
  "durationMs": 17
}
2026-05-03 19:43:50:4350 warn: Получен сигнал SIGINT. Начинаю грациозное завершение воркера...
2026-05-03 19:43:50:4350 info: Отмена всех запланированных задач...
2026-05-03 19:43:50:4350 info: Ожидание завершения текущей активной задачи (если она запущена)...
2026-05-03 19:43:50:4350 info: Планировщик успешно остановлен.
2026-05-03 19:43:50:4350 info: Активных задач для ожидания не было или они успешно завершились.
2026-05-03 19:43:50:4350 info: Закрытие соединения с Redis...
2026-05-03 19:43:50:4350 info: Соединение с Redis успешно закрыто.
