2026-05-11 10:32:29:3229 info: EXP Worker: Успешное подключение к MongoDB.
2026-05-11 10:32:29:3229 info: EXP Worker: Connected to Redis.
2026-05-11 10:32:29:3229 info: Обработчики грациозного завершения для воркера инициализированы.
2026-05-11 10:32:36:3236 warn: Получен сигнал SIGINT. Начинаю грациозное завершение воркера...
2026-05-11 10:32:36:3236 info: Отмена всех запланированных задач...
2026-05-11 10:32:36:3236 info: Ожидание завершения текущей активной задачи (если она запущена)...
2026-05-11 10:32:36:3236 info: Планировщик успешно остановлен.
2026-05-11 10:32:36:3236 info: Активных задач для ожидания не было или они успешно завершились.
2026-05-11 10:32:36:3236 info: Закрытие соединения с Redis...
2026-05-11 10:32:36:3236 info: Соединение с Redis успешно закрыто.
2026-05-11 10:32:45:3245 info: EXP Worker: Успешное подключение к MongoDB.
2026-05-11 10:32:45:3245 info: EXP Worker: Connected to Redis.
2026-05-11 10:32:45:3245 info: Обработчики грациозного завершения для воркера инициализированы.
2026-05-11 10:33:36:3336 warn: Получен сигнал SIGINT. Начинаю грациозное завершение воркера...
2026-05-11 10:33:36:3336 info: Отмена всех запланированных задач...
2026-05-11 10:33:36:3336 info: Ожидание завершения текущей активной задачи (если она запущена)...
2026-05-11 10:33:36:3336 info: Планировщик успешно остановлен.
2026-05-11 10:33:36:3336 info: Активных задач для ожидания не было или они успешно завершились.
2026-05-11 10:33:36:3336 info: Закрытие соединения с Redis...
2026-05-11 10:33:36:3336 info: Соединение с Redis успешно закрыто.
2026-05-11 13:53:59:5359 info: EXP Worker: Успешное подключение к MongoDB.
2026-05-11 13:53:59:5359 info: EXP Worker: Connected to Redis.
2026-05-11 13:53:59:5359 info: Обработчики грациозного завершения для воркера инициализированы.
2026-05-11 13:54:56:5456 warn: Получен сигнал SIGINT. Начинаю грациозное завершение воркера...
2026-05-11 13:54:56:5456 info: Отмена всех запланированных задач...
2026-05-11 13:54:56:5456 info: Ожидание завершения текущей активной задачи (если она запущена)...
2026-05-11 13:54:56:5456 info: Планировщик успешно остановлен.
2026-05-11 13:54:56:5456 info: Активных задач для ожидания не было или они успешно завершились.
2026-05-11 13:54:56:5456 info: Закрытие соединения с Redis...
2026-05-11 13:55:44:5544 info: EXP Worker: Успешное подключение к MongoDB.
2026-05-11 13:55:44:5544 info: EXP Worker: Connected to Redis.
2026-05-11 13:55:44:5544 info: Обработчики грациозного завершения для воркера инициализированы.
2026-05-11 14:00:00:00 info: EXP Worker: Job finished. {
  "modifiedCount": 2,
  "matchedCount": 2,
  "totalOwnersInList": 2,
  "durationMs": 53
}
2026-05-11 14:10:00:100 info: EXP Worker: Job finished. {
  "modifiedCount": 2,
  "matchedCount": 2,
  "totalOwnersInList": 2,
  "durationMs": 26
}
2026-05-11 14:20:00:200 info: EXP Worker: Job finished. {
  "modifiedCount": 2,
  "matchedCount": 2,
  "totalOwnersInList": 2,
  "durationMs": 24
}
2026-05-11 14:30:00:300 info: EXP Worker: Job finished. {
  "modifiedCount": 2,
  "matchedCount": 2,
  "totalOwnersInList": 2,
  "durationMs": 12
}
2026-05-11 14:40:00:400 info: EXP Worker: Job finished. {
  "modifiedCount": 2,
  "matchedCount": 2,
  "totalOwnersInList": 2,
  "durationMs": 11
}
2026-05-11 14:40:28:4028 warn: Получен сигнал SIGINT. Начинаю грациозное завершение воркера...
2026-05-11 14:40:28:4028 info: Отмена всех запланированных задач...
2026-05-11 14:40:28:4028 info: Ожидание завершения текущей активной задачи (если она запущена)...
2026-05-11 14:40:28:4028 info: Планировщик успешно остановлен.
2026-05-11 14:40:28:4028 info: Активных задач для ожидания не было или они успешно завершились.
2026-05-11 14:40:28:4028 info: Закрытие соединения с Redis...
2026-05-11 14:40:28:4028 info: Соединение с Redis успешно закрыто.
