2026-05-04 12:12:46:1246 info: EXP Worker: Успешное подключение к MongoDB.
2026-05-04 12:12:46:1246 info: EXP Worker: Connected to Redis.
2026-05-04 12:12:46:1246 info: Обработчики грациозного завершения для воркера инициализированы.
2026-05-04 12:20:00:200 info: EXP Worker: Job finished. {
  "modifiedCount": 2,
  "matchedCount": 2,
  "totalOwnersInList": 2,
  "durationMs": 58
}
2026-05-04 12:21:24:2124 warn: Получен сигнал SIGINT. Начинаю грациозное завершение воркера...
2026-05-04 12:21:24:2124 info: Отмена всех запланированных задач...
2026-05-04 12:21:24:2124 info: Ожидание завершения текущей активной задачи (если она запущена)...
2026-05-04 12:21:24:2124 info: Планировщик успешно остановлен.
2026-05-04 12:21:24:2124 info: Активных задач для ожидания не было или они успешно завершились.
2026-05-04 12:21:24:2124 info: Закрытие соединения с Redis...
2026-05-04 12:21:24:2124 info: Соединение с Redis успешно закрыто.
2026-05-04 12:21:34:2134 info: EXP Worker: Успешное подключение к MongoDB.
2026-05-04 12:21:34:2134 info: EXP Worker: Connected to Redis.
2026-05-04 12:21:34:2134 info: Обработчики грациозного завершения для воркера инициализированы.
2026-05-04 12:30:00:300 info: EXP Worker: Job finished. {
  "modifiedCount": 2,
  "matchedCount": 2,
  "totalOwnersInList": 2,
  "durationMs": 31
}
2026-05-04 12:40:00:400 info: EXP Worker: Job finished. {
  "modifiedCount": 2,
  "matchedCount": 2,
  "totalOwnersInList": 2,
  "durationMs": 14
}
2026-05-04 12:50:00:500 info: EXP Worker: Job finished. {
  "modifiedCount": 2,
  "matchedCount": 2,
  "totalOwnersInList": 2,
  "durationMs": 13
}
2026-05-04 13:00:00:00 info: EXP Worker: Job finished. {
  "modifiedCount": 2,
  "matchedCount": 2,
  "totalOwnersInList": 2,
  "durationMs": 13
}
2026-05-04 13:10:00:100 info: EXP Worker: Job finished. {
  "modifiedCount": 2,
  "matchedCount": 2,
  "totalOwnersInList": 2,
  "durationMs": 14
}
2026-05-04 13:20:00:200 info: EXP Worker: Job finished. {
  "modifiedCount": 2,
  "matchedCount": 2,
  "totalOwnersInList": 2,
  "durationMs": 11
}
2026-05-04 13:30:00:300 info: EXP Worker: Job finished. {
  "modifiedCount": 2,
  "matchedCount": 2,
  "totalOwnersInList": 2,
  "durationMs": 11
}
2026-05-04 13:40:00:400 info: EXP Worker: Job finished. {
  "modifiedCount": 2,
  "matchedCount": 2,
  "totalOwnersInList": 2,
  "durationMs": 16
}
2026-05-04 13:50:00:500 info: EXP Worker: Job finished. {
  "modifiedCount": 2,
  "matchedCount": 2,
  "totalOwnersInList": 2,
  "durationMs": 13
}
2026-05-04 14:00:00:00 info: EXP Worker: Job finished. {
  "modifiedCount": 2,
  "matchedCount": 2,
  "totalOwnersInList": 2,
  "durationMs": 12
}
2026-05-04 14:10:00:100 info: EXP Worker: Job finished. {
  "modifiedCount": 2,
  "matchedCount": 2,
  "totalOwnersInList": 2,
  "durationMs": 10
}
2026-05-04 14:20:00:200 info: EXP Worker: Job finished. {
  "modifiedCount": 2,
  "matchedCount": 2,
  "totalOwnersInList": 2,
  "durationMs": 11
}
2026-05-04 14:30:00:300 info: EXP Worker: Job finished. {
  "modifiedCount": 2,
  "matchedCount": 2,
  "totalOwnersInList": 2,
  "durationMs": 8
}
2026-05-04 14:40:00:400 info: EXP Worker: Job finished. {
  "modifiedCount": 2,
  "matchedCount": 2,
  "totalOwnersInList": 2,
  "durationMs": 12
}
2026-05-04 14:50:00:500 info: EXP Worker: Job finished. {
  "modifiedCount": 2,
  "matchedCount": 2,
  "totalOwnersInList": 2,
  "durationMs": 14
}
2026-05-04 14:53:10:5310 warn: Получен сигнал SIGINT. Начинаю грациозное завершение воркера...
2026-05-04 14:53:10:5310 info: Отмена всех запланированных задач...
2026-05-04 14:53:10:5310 info: Ожидание завершения текущей активной задачи (если она запущена)...
2026-05-04 14:53:10:5310 info: Планировщик успешно остановлен.
2026-05-04 14:53:10:5310 info: Активных задач для ожидания не было или они успешно завершились.
2026-05-04 14:53:10:5310 info: Закрытие соединения с Redis...
2026-05-04 14:53:10:5310 info: Соединение с Redis успешно закрыто.
2026-05-04 14:53:10:5310 info: Закрытие соединения с MongoDB...
2026-05-04 15:11:52:1152 info: EXP Worker: Успешное подключение к MongoDB.
2026-05-04 15:11:52:1152 info: EXP Worker: Connected to Redis.
2026-05-04 15:11:52:1152 info: Обработчики грациозного завершения для воркера инициализированы.
2026-05-04 15:13:53:1353 warn: Получен сигнал SIGINT. Начинаю грациозное завершение воркера...
2026-05-04 15:13:53:1353 info: Отмена всех запланированных задач...
2026-05-04 15:13:53:1353 info: Ожидание завершения текущей активной задачи (если она запущена)...
2026-05-04 15:13:53:1353 info: Планировщик успешно остановлен.
2026-05-04 15:13:53:1353 info: Активных задач для ожидания не было или они успешно завершились.
2026-05-04 15:13:53:1353 info: Закрытие соединения с Redis...
2026-05-04 15:13:53:1353 info: Соединение с Redis успешно закрыто.
2026-05-04 15:26:31:2631 info: EXP Worker: Успешное подключение к MongoDB.
2026-05-04 15:26:31:2631 info: EXP Worker: Connected to Redis.
2026-05-04 15:26:32:2632 info: Обработчики грациозного завершения для воркера инициализированы.
2026-05-04 15:30:00:300 info: EXP Worker: Job finished. {
  "modifiedCount": 2,
  "matchedCount": 2,
  "totalOwnersInList": 2,
  "durationMs": 32
}
2026-05-04 15:32:24:3224 warn: Получен сигнал SIGINT. Начинаю грациозное завершение воркера...
2026-05-04 15:32:24:3224 info: Отмена всех запланированных задач...
2026-05-04 15:32:24:3224 info: Ожидание завершения текущей активной задачи (если она запущена)...
2026-05-04 15:32:24:3224 info: Планировщик успешно остановлен.
2026-05-04 15:32:24:3224 info: Активных задач для ожидания не было или они успешно завершились.
2026-05-04 15:32:24:3224 info: Закрытие соединения с Redis...
2026-05-04 15:32:24:3224 info: Соединение с Redis успешно закрыто.
2026-05-04 15:32:53:3253 info: EXP Worker: Успешное подключение к MongoDB.
2026-05-04 15:32:53:3253 info: EXP Worker: Connected to Redis.
2026-05-04 15:32:53:3253 info: Обработчики грациозного завершения для воркера инициализированы.
2026-05-04 15:35:10:3510 warn: Получен сигнал SIGINT. Начинаю грациозное завершение воркера...
2026-05-04 15:35:10:3510 info: Отмена всех запланированных задач...
2026-05-04 15:35:10:3510 info: Ожидание завершения текущей активной задачи (если она запущена)...
2026-05-04 15:35:10:3510 info: Планировщик успешно остановлен.
2026-05-04 15:35:10:3510 info: Активных задач для ожидания не было или они успешно завершились.
2026-05-04 15:35:10:3510 info: Закрытие соединения с Redis...
2026-05-04 15:35:16:3516 info: EXP Worker: Успешное подключение к MongoDB.
2026-05-04 15:35:17:3517 info: EXP Worker: Connected to Redis.
2026-05-04 15:35:17:3517 info: Обработчики грациозного завершения для воркера инициализированы.
2026-05-04 15:36:20:3620 warn: Получен сигнал SIGINT. Начинаю грациозное завершение воркера...
2026-05-04 15:36:20:3620 info: Отмена всех запланированных задач...
2026-05-04 15:36:20:3620 info: Ожидание завершения текущей активной задачи (если она запущена)...
2026-05-04 15:36:20:3620 info: Планировщик успешно остановлен.
2026-05-04 15:36:20:3620 info: Активных задач для ожидания не было или они успешно завершились.
2026-05-04 15:36:20:3620 info: Закрытие соединения с Redis...
2026-05-04 15:36:20:3620 info: Соединение с Redis успешно закрыто.
2026-05-04 15:36:30:3630 info: EXP Worker: Успешное подключение к MongoDB.
2026-05-04 15:36:30:3630 info: EXP Worker: Connected to Redis.
2026-05-04 15:36:30:3630 info: Обработчики грациозного завершения для воркера инициализированы.
2026-05-04 15:40:00:400 info: EXP Worker: Job finished. {
  "modifiedCount": 2,
  "matchedCount": 2,
  "totalOwnersInList": 2,
  "durationMs": 28
}
2026-05-04 15:45:34:4534 warn: Получен сигнал SIGINT. Начинаю грациозное завершение воркера...
2026-05-04 15:45:34:4534 info: Отмена всех запланированных задач...
2026-05-04 15:45:34:4534 info: Ожидание завершения текущей активной задачи (если она запущена)...
2026-05-04 15:45:34:4534 info: Планировщик успешно остановлен.
2026-05-04 15:45:34:4534 info: Активных задач для ожидания не было или они успешно завершились.
2026-05-04 15:45:34:4534 info: Закрытие соединения с Redis...
2026-05-04 15:45:34:4534 info: Соединение с Redis успешно закрыто.
2026-05-04 15:49:27:4927 info: EXP Worker: Успешное подключение к MongoDB.
2026-05-04 15:49:27:4927 info: EXP Worker: Connected to Redis.
2026-05-04 15:49:27:4927 info: Обработчики грациозного завершения для воркера инициализированы.
2026-05-04 15:50:00:500 info: EXP Worker: Job finished. {
  "modifiedCount": 2,
  "matchedCount": 2,
  "totalOwnersInList": 2,
  "durationMs": 53
}
2026-05-04 15:54:10:5410 warn: Получен сигнал SIGINT. Начинаю грациозное завершение воркера...
2026-05-04 15:54:10:5410 info: Отмена всех запланированных задач...
2026-05-04 15:54:10:5410 info: Ожидание завершения текущей активной задачи (если она запущена)...
2026-05-04 15:54:10:5410 info: Планировщик успешно остановлен.
2026-05-04 15:54:10:5410 info: Активных задач для ожидания не было или они успешно завершились.
2026-05-04 15:54:10:5410 info: Закрытие соединения с Redis...
2026-05-04 15:54:10:5410 info: Соединение с Redis успешно закрыто.
2026-05-04 15:54:16:5416 info: EXP Worker: Успешное подключение к MongoDB.
2026-05-04 15:54:16:5416 info: EXP Worker: Connected to Redis.
2026-05-04 15:54:17:5417 info: Обработчики грациозного завершения для воркера инициализированы.
2026-05-04 15:56:14:5614 warn: Получен сигнал SIGINT. Начинаю грациозное завершение воркера...
2026-05-04 15:56:14:5614 info: Отмена всех запланированных задач...
2026-05-04 15:56:14:5614 info: Ожидание завершения текущей активной задачи (если она запущена)...
2026-05-04 15:56:14:5614 info: Планировщик успешно остановлен.
2026-05-04 15:56:14:5614 info: Активных задач для ожидания не было или они успешно завершились.
2026-05-04 15:56:14:5614 info: Закрытие соединения с Redis...
2026-05-04 16:08:30:830 info: EXP Worker: Успешное подключение к MongoDB.
2026-05-04 16:08:30:830 info: EXP Worker: Connected to Redis.
2026-05-04 16:08:30:830 info: Обработчики грациозного завершения для воркера инициализированы.
2026-05-04 16:10:00:100 info: EXP Worker: Job finished. {
  "modifiedCount": 2,
  "matchedCount": 2,
  "totalOwnersInList": 2,
  "durationMs": 30
}
2026-05-04 16:13:42:1342 warn: Получен сигнал SIGINT. Начинаю грациозное завершение воркера...
2026-05-04 16:13:42:1342 info: Отмена всех запланированных задач...
2026-05-04 16:13:42:1342 info: Ожидание завершения текущей активной задачи (если она запущена)...
2026-05-04 16:13:42:1342 info: Планировщик успешно остановлен.
2026-05-04 16:13:42:1342 info: Активных задач для ожидания не было или они успешно завершились.
2026-05-04 16:13:42:1342 info: Закрытие соединения с Redis...
2026-05-04 16:13:42:1342 info: Соединение с Redis успешно закрыто.
2026-05-04 16:13:50:1350 info: EXP Worker: Успешное подключение к MongoDB.
2026-05-04 16:13:50:1350 info: EXP Worker: Connected to Redis.
2026-05-04 16:13:50:1350 info: Обработчики грациозного завершения для воркера инициализированы.
2026-05-04 16:20:00:200 info: EXP Worker: Job finished. {
  "modifiedCount": 2,
  "matchedCount": 2,
  "totalOwnersInList": 2,
  "durationMs": 20
}
2026-05-04 16:21:19:2119 warn: Получен сигнал SIGINT. Начинаю грациозное завершение воркера...
2026-05-04 16:21:19:2119 info: Отмена всех запланированных задач...
2026-05-04 16:21:19:2119 info: Ожидание завершения текущей активной задачи (если она запущена)...
2026-05-04 16:21:19:2119 info: Планировщик успешно остановлен.
2026-05-04 16:21:19:2119 info: Активных задач для ожидания не было или они успешно завершились.
2026-05-04 16:21:19:2119 info: Закрытие соединения с Redis...
2026-05-04 16:21:27:2127 info: EXP Worker: Успешное подключение к MongoDB.
2026-05-04 16:21:27:2127 info: EXP Worker: Connected to Redis.
2026-05-04 16:21:27:2127 info: Обработчики грациозного завершения для воркера инициализированы.
2026-05-04 16:23:00:230 warn: Получен сигнал SIGINT. Начинаю грациозное завершение воркера...
2026-05-04 16:23:00:230 info: Отмена всех запланированных задач...
2026-05-04 16:23:00:230 info: Ожидание завершения текущей активной задачи (если она запущена)...
2026-05-04 16:23:00:230 info: Планировщик успешно остановлен.
2026-05-04 16:23:00:230 info: Активных задач для ожидания не было или они успешно завершились.
2026-05-04 16:23:00:230 info: Закрытие соединения с Redis...
2026-05-04 16:27:38:2738 info: EXP Worker: Успешное подключение к MongoDB.
2026-05-04 16:27:38:2738 info: EXP Worker: Connected to Redis.
2026-05-04 16:27:38:2738 info: Обработчики грациозного завершения для воркера инициализированы.
2026-05-04 16:30:00:300 info: EXP Worker: Job finished. {
  "modifiedCount": 2,
  "matchedCount": 2,
  "totalOwnersInList": 2,
  "durationMs": 54
}
2026-05-04 16:40:00:400 info: EXP Worker: Job finished. {
  "modifiedCount": 2,
  "matchedCount": 2,
  "totalOwnersInList": 2,
  "durationMs": 12
}
2026-05-04 16:42:30:4230 warn: Получен сигнал SIGINT. Начинаю грациозное завершение воркера...
2026-05-04 16:42:30:4230 info: Отмена всех запланированных задач...
2026-05-04 16:42:30:4230 info: Ожидание завершения текущей активной задачи (если она запущена)...
2026-05-04 16:42:30:4230 info: Планировщик успешно остановлен.
2026-05-04 16:42:30:4230 info: Активных задач для ожидания не было или они успешно завершились.
2026-05-04 16:42:30:4230 info: Закрытие соединения с Redis...
2026-05-04 16:43:40:4340 info: EXP Worker: Успешное подключение к MongoDB.
2026-05-04 16:43:40:4340 info: EXP Worker: Connected to Redis.
2026-05-04 16:43:40:4340 info: Обработчики грациозного завершения для воркера инициализированы.
2026-05-04 16:50:00:500 info: EXP Worker: Job finished. {
  "modifiedCount": 2,
  "matchedCount": 2,
  "totalOwnersInList": 2,
  "durationMs": 41
}
2026-05-04 16:51:49:5149 warn: Получен сигнал SIGINT. Начинаю грациозное завершение воркера...
2026-05-04 16:51:49:5149 info: Отмена всех запланированных задач...
2026-05-04 16:51:49:5149 info: Ожидание завершения текущей активной задачи (если она запущена)...
2026-05-04 16:51:49:5149 info: Планировщик успешно остановлен.
2026-05-04 16:51:49:5149 info: Активных задач для ожидания не было или они успешно завершились.
2026-05-04 16:51:49:5149 info: Закрытие соединения с Redis...
2026-05-04 16:51:49:5149 info: Соединение с Redis успешно закрыто.
2026-05-04 16:51:49:5149 info: Закрытие соединения с MongoDB...
2026-05-04 16:51:57:5157 info: EXP Worker: Успешное подключение к MongoDB.
2026-05-04 16:51:57:5157 info: EXP Worker: Connected to Redis.
2026-05-04 16:51:57:5157 info: Обработчики грациозного завершения для воркера инициализированы.
2026-05-04 16:55:58:5558 warn: Получен сигнал SIGINT. Начинаю грациозное завершение воркера...
2026-05-04 16:55:58:5558 info: Отмена всех запланированных задач...
2026-05-04 16:55:58:5558 info: Ожидание завершения текущей активной задачи (если она запущена)...
2026-05-04 16:55:58:5558 info: Планировщик успешно остановлен.
2026-05-04 16:55:58:5558 info: Активных задач для ожидания не было или они успешно завершились.
2026-05-04 16:55:58:5558 info: Закрытие соединения с Redis...
2026-05-04 16:55:58:5558 info: Соединение с Redis успешно закрыто.
2026-05-04 16:56:34:5634 info: EXP Worker: Успешное подключение к MongoDB.
2026-05-04 16:56:34:5634 info: EXP Worker: Connected to Redis.
2026-05-04 16:56:34:5634 info: Обработчики грациозного завершения для воркера инициализированы.
2026-05-04 16:56:38:5638 warn: Получен сигнал SIGINT. Начинаю грациозное завершение воркера...
2026-05-04 16:56:38:5638 info: Отмена всех запланированных задач...
2026-05-04 16:56:38:5638 info: Ожидание завершения текущей активной задачи (если она запущена)...
2026-05-04 16:56:38:5638 info: Планировщик успешно остановлен.
2026-05-04 16:56:38:5638 info: Активных задач для ожидания не было или они успешно завершились.
2026-05-04 16:56:38:5638 info: Закрытие соединения с Redis...
2026-05-04 16:56:38:5638 info: Соединение с Redis успешно закрыто.
2026-05-04 16:56:46:5646 info: EXP Worker: Успешное подключение к MongoDB.
2026-05-04 16:56:47:5647 info: EXP Worker: Connected to Redis.
2026-05-04 16:56:47:5647 info: Обработчики грациозного завершения для воркера инициализированы.
2026-05-04 16:57:11:5711 warn: Получен сигнал SIGINT. Начинаю грациозное завершение воркера...
2026-05-04 16:57:11:5711 info: Отмена всех запланированных задач...
2026-05-04 16:57:11:5711 info: Ожидание завершения текущей активной задачи (если она запущена)...
2026-05-04 16:57:11:5711 info: Планировщик успешно остановлен.
2026-05-04 16:57:11:5711 info: Активных задач для ожидания не было или они успешно завершились.
2026-05-04 16:57:11:5711 info: Закрытие соединения с Redis...
2026-05-04 16:57:11:5711 info: Соединение с Redis успешно закрыто.
2026-05-04 16:57:21:5721 info: EXP Worker: Успешное подключение к MongoDB.
2026-05-04 16:57:21:5721 info: EXP Worker: Connected to Redis.
2026-05-04 16:57:21:5721 info: Обработчики грациозного завершения для воркера инициализированы.
2026-05-04 17:00:00:00 info: EXP Worker: Job finished. {
  "modifiedCount": 2,
  "matchedCount": 2,
  "totalOwnersInList": 2,
  "durationMs": 23
}
2026-05-04 17:10:00:100 info: EXP Worker: Job finished. {
  "modifiedCount": 2,
  "matchedCount": 2,
  "totalOwnersInList": 2,
  "durationMs": 11
}
2026-05-04 17:20:00:200 info: EXP Worker: Job finished. {
  "modifiedCount": 2,
  "matchedCount": 2,
  "totalOwnersInList": 2,
  "durationMs": 20
}
2026-05-04 17:30:00:300 info: EXP Worker: Job finished. {
  "modifiedCount": 2,
  "matchedCount": 2,
  "totalOwnersInList": 2,
  "durationMs": 11
}
2026-05-04 17:40:00:400 info: EXP Worker: Job finished. {
  "modifiedCount": 2,
  "matchedCount": 2,
  "totalOwnersInList": 2,
  "durationMs": 12
}
2026-05-04 17:50:00:500 info: EXP Worker: Job finished. {
  "modifiedCount": 2,
  "matchedCount": 2,
  "totalOwnersInList": 2,
  "durationMs": 14
}
2026-05-04 18:00:00:00 info: EXP Worker: Job finished. {
  "modifiedCount": 2,
  "matchedCount": 2,
  "totalOwnersInList": 2,
  "durationMs": 7
}
2026-05-04 18:02:35:235 warn: Получен сигнал SIGINT. Начинаю грациозное завершение воркера...
2026-05-04 18:02:35:235 info: Отмена всех запланированных задач...
2026-05-04 18:02:35:235 info: Ожидание завершения текущей активной задачи (если она запущена)...
2026-05-04 18:02:35:235 info: Планировщик успешно остановлен.
2026-05-04 18:02:35:235 info: Активных задач для ожидания не было или они успешно завершились.
2026-05-04 18:02:35:235 info: Закрытие соединения с Redis...
2026-05-04 18:02:35:235 info: Соединение с Redis успешно закрыто.
2026-05-04 18:04:11:411 info: EXP Worker: Успешное подключение к MongoDB.
2026-05-04 18:04:11:411 info: EXP Worker: Connected to Redis.
2026-05-04 18:04:11:411 info: Обработчики грациозного завершения для воркера инициализированы.
2026-05-04 18:10:00:100 info: EXP Worker: Job finished. {
  "modifiedCount": 2,
  "matchedCount": 2,
  "totalOwnersInList": 2,
  "durationMs": 23
}
2026-05-04 18:20:00:200 info: EXP Worker: Job finished. {
  "modifiedCount": 2,
  "matchedCount": 2,
  "totalOwnersInList": 2,
  "durationMs": 14
}
2026-05-04 18:30:00:300 info: EXP Worker: Job finished. {
  "modifiedCount": 2,
  "matchedCount": 2,
  "totalOwnersInList": 2,
  "durationMs": 15
}
2026-05-04 18:40:00:400 info: EXP Worker: Job finished. {
  "modifiedCount": 2,
  "matchedCount": 2,
  "totalOwnersInList": 2,
  "durationMs": 11
}
2026-05-04 18:50:00:500 info: EXP Worker: Job finished. {
  "modifiedCount": 2,
  "matchedCount": 2,
  "totalOwnersInList": 2,
  "durationMs": 19
}
2026-05-04 19:00:00:00 info: EXP Worker: Job finished. {
  "modifiedCount": 2,
  "matchedCount": 2,
  "totalOwnersInList": 2,
  "durationMs": 16
}
2026-05-04 19:10:00:100 info: EXP Worker: Job finished. {
  "modifiedCount": 2,
  "matchedCount": 2,
  "totalOwnersInList": 2,
  "durationMs": 11
}
2026-05-04 19:19:09:199 warn: Получен сигнал SIGINT. Начинаю грациозное завершение воркера...
2026-05-04 19:19:09:199 info: Отмена всех запланированных задач...
2026-05-04 19:19:09:199 info: Ожидание завершения текущей активной задачи (если она запущена)...
2026-05-04 19:19:09:199 info: Планировщик успешно остановлен.
2026-05-04 19:19:09:199 info: Активных задач для ожидания не было или они успешно завершились.
2026-05-04 19:19:09:199 info: Закрытие соединения с Redis...
2026-05-04 19:19:09:199 info: Соединение с Redis успешно закрыто.
2026-05-04 19:19:09:199 info: Закрытие соединения с MongoDB...
