2026-05-12 12:13:54:1354 info: EXP Worker: Успешное подключение к MongoDB.
2026-05-12 12:13:54:1354 info: EXP Worker: Connected to Redis.
2026-05-12 12:13:54:1354 info: Обработчики грациозного завершения для воркера инициализированы.
2026-05-12 12:20:00:200 info: EXP Worker: Job finished. {
  "modifiedCount": 2,
  "matchedCount": 2,
  "totalOwnersInList": 2,
  "durationMs": 27
}
2026-05-12 12:22:43:2243 warn: Получен сигнал SIGINT. Начинаю грациозное завершение воркера...
2026-05-12 12:22:43:2243 info: Отмена всех запланированных задач...
2026-05-12 12:22:43:2243 info: Ожидание завершения текущей активной задачи (если она запущена)...
2026-05-12 12:22:43:2243 info: Планировщик успешно остановлен.
2026-05-12 12:22:43:2243 info: Активных задач для ожидания не было или они успешно завершились.
2026-05-12 12:22:43:2243 info: Закрытие соединения с Redis...
2026-05-12 12:22:43:2243 info: Соединение с Redis успешно закрыто.
2026-05-12 12:22:49:2249 info: EXP Worker: Успешное подключение к MongoDB.
2026-05-12 12:22:49:2249 info: EXP Worker: Connected to Redis.
2026-05-12 12:22:49:2249 info: Обработчики грациозного завершения для воркера инициализированы.
2026-05-12 12:27:54:2754 warn: Получен сигнал SIGINT. Начинаю грациозное завершение воркера...
2026-05-12 12:27:54:2754 info: Отмена всех запланированных задач...
2026-05-12 12:27:54:2754 info: Ожидание завершения текущей активной задачи (если она запущена)...
2026-05-12 12:27:54:2754 info: Планировщик успешно остановлен.
2026-05-12 12:27:54:2754 info: Активных задач для ожидания не было или они успешно завершились.
2026-05-12 12:27:54:2754 info: Закрытие соединения с Redis...
2026-05-12 12:27:54:2754 info: Соединение с Redis успешно закрыто.
2026-05-12 12:28:00:280 info: EXP Worker: Успешное подключение к MongoDB.
2026-05-12 12:28:00:280 info: EXP Worker: Connected to Redis.
2026-05-12 12:28:00:280 info: Обработчики грациозного завершения для воркера инициализированы.
2026-05-12 12:30:00:300 info: EXP Worker: Job finished. {
  "modifiedCount": 2,
  "matchedCount": 2,
  "totalOwnersInList": 2,
  "durationMs": 19
}
2026-05-12 12:32:08:328 warn: Получен сигнал SIGINT. Начинаю грациозное завершение воркера...
2026-05-12 12:32:08:328 info: Отмена всех запланированных задач...
2026-05-12 12:32:08:328 info: Ожидание завершения текущей активной задачи (если она запущена)...
2026-05-12 12:32:08:328 info: Планировщик успешно остановлен.
2026-05-12 12:32:08:328 info: Активных задач для ожидания не было или они успешно завершились.
2026-05-12 12:32:08:328 info: Закрытие соединения с Redis...
2026-05-12 12:33:18:3318 info: EXP Worker: Успешное подключение к MongoDB.
2026-05-12 12:33:18:3318 info: EXP Worker: Connected to Redis.
2026-05-12 12:33:18:3318 info: Обработчики грациозного завершения для воркера инициализированы.
2026-05-12 12:40:00:400 info: EXP Worker: Job finished. {
  "modifiedCount": 2,
  "matchedCount": 2,
  "totalOwnersInList": 2,
  "durationMs": 17
}
2026-05-12 12:44:54:4454 warn: Получен сигнал SIGINT. Начинаю грациозное завершение воркера...
2026-05-12 12:44:54:4454 info: Отмена всех запланированных задач...
2026-05-12 12:44:54:4454 info: Ожидание завершения текущей активной задачи (если она запущена)...
2026-05-12 12:44:54:4454 info: Планировщик успешно остановлен.
2026-05-12 12:44:54:4454 info: Активных задач для ожидания не было или они успешно завершились.
2026-05-12 12:44:54:4454 info: Закрытие соединения с Redis...
2026-05-12 12:44:54:4454 info: Соединение с Redis успешно закрыто.
2026-05-12 12:48:29:4829 info: EXP Worker: Успешное подключение к MongoDB.
2026-05-12 12:48:29:4829 info: EXP Worker: Connected to Redis.
2026-05-12 12:48:29:4829 info: Обработчики грациозного завершения для воркера инициализированы.
2026-05-12 12:50:00:500 info: EXP Worker: Job finished. {
  "modifiedCount": 2,
  "matchedCount": 2,
  "totalOwnersInList": 2,
  "durationMs": 19
}
2026-05-12 13:00:00:00 info: EXP Worker: Job finished. {
  "modifiedCount": 2,
  "matchedCount": 2,
  "totalOwnersInList": 2,
  "durationMs": 6
}
2026-05-12 13:04:55:455 warn: Получен сигнал SIGINT. Начинаю грациозное завершение воркера...
2026-05-12 13:04:55:455 info: Отмена всех запланированных задач...
2026-05-12 13:04:55:455 info: Ожидание завершения текущей активной задачи (если она запущена)...
2026-05-12 13:04:55:455 info: Планировщик успешно остановлен.
2026-05-12 13:04:55:455 info: Активных задач для ожидания не было или они успешно завершились.
2026-05-12 13:04:55:455 info: Закрытие соединения с Redis...
2026-05-12 13:05:26:526 info: EXP Worker: Успешное подключение к MongoDB.
2026-05-12 13:05:26:526 info: EXP Worker: Connected to Redis.
2026-05-12 13:05:26:526 info: Обработчики грациозного завершения для воркера инициализированы.
2026-05-12 13:10:00:100 info: EXP Worker: Job finished. {
  "modifiedCount": 2,
  "matchedCount": 2,
  "totalOwnersInList": 2,
  "durationMs": 11
}
2026-05-12 13:13:29:1329 warn: Получен сигнал SIGINT. Начинаю грациозное завершение воркера...
2026-05-12 13:13:29:1329 info: Отмена всех запланированных задач...
2026-05-12 13:13:29:1329 info: Ожидание завершения текущей активной задачи (если она запущена)...
2026-05-12 13:13:29:1329 info: Планировщик успешно остановлен.
2026-05-12 13:13:29:1329 info: Активных задач для ожидания не было или они успешно завершились.
2026-05-12 13:13:29:1329 info: Закрытие соединения с Redis...
2026-05-12 13:13:29:1329 info: Соединение с Redis успешно закрыто.
2026-05-12 13:13:47:1347 info: EXP Worker: Успешное подключение к MongoDB.
2026-05-12 13:13:47:1347 info: EXP Worker: Connected to Redis.
2026-05-12 13:13:47:1347 info: Обработчики грациозного завершения для воркера инициализированы.
2026-05-12 13:16:42:1642 warn: Получен сигнал SIGINT. Начинаю грациозное завершение воркера...
2026-05-12 13:16:42:1642 info: Отмена всех запланированных задач...
2026-05-12 13:16:42:1642 info: Ожидание завершения текущей активной задачи (если она запущена)...
2026-05-12 13:16:42:1642 info: Планировщик успешно остановлен.
2026-05-12 13:16:42:1642 info: Активных задач для ожидания не было или они успешно завершились.
2026-05-12 13:16:42:1642 info: Закрытие соединения с Redis...
2026-05-12 13:16:42:1642 info: Соединение с Redis успешно закрыто.
2026-05-12 13:18:37:1837 info: EXP Worker: Успешное подключение к MongoDB.
2026-05-12 13:18:37:1837 info: EXP Worker: Connected to Redis.
2026-05-12 13:18:37:1837 info: Обработчики грациозного завершения для воркера инициализированы.
2026-05-12 13:20:00:200 info: EXP Worker: Job finished. {
  "modifiedCount": 2,
  "matchedCount": 2,
  "totalOwnersInList": 2,
  "durationMs": 13
}
2026-05-12 13:27:41:2741 warn: Получен сигнал SIGINT. Начинаю грациозное завершение воркера...
2026-05-12 13:27:41:2741 info: Отмена всех запланированных задач...
2026-05-12 13:27:41:2741 info: Ожидание завершения текущей активной задачи (если она запущена)...
2026-05-12 13:27:41:2741 info: Планировщик успешно остановлен.
2026-05-12 13:27:41:2741 info: Активных задач для ожидания не было или они успешно завершились.
2026-05-12 13:27:41:2741 info: Закрытие соединения с Redis...
2026-05-12 14:58:49:5849 info: EXP Worker: Успешное подключение к MongoDB.
2026-05-12 14:58:49:5849 info: EXP Worker: Connected to Redis.
2026-05-12 14:58:49:5849 info: Обработчики грациозного завершения для воркера инициализированы.
2026-05-12 14:59:12:5912 warn: Получен сигнал SIGINT. Начинаю грациозное завершение воркера...
2026-05-12 14:59:12:5912 info: Отмена всех запланированных задач...
2026-05-12 14:59:12:5912 info: Ожидание завершения текущей активной задачи (если она запущена)...
2026-05-12 14:59:12:5912 info: Планировщик успешно остановлен.
2026-05-12 14:59:12:5912 info: Активных задач для ожидания не было или они успешно завершились.
2026-05-12 14:59:12:5912 info: Закрытие соединения с Redis...
2026-05-12 14:59:12:5912 info: Соединение с Redis успешно закрыто.
2026-05-12 14:59:18:5918 info: EXP Worker: Успешное подключение к MongoDB.
2026-05-12 14:59:18:5918 info: EXP Worker: Connected to Redis.
2026-05-12 14:59:18:5918 info: Обработчики грациозного завершения для воркера инициализированы.
2026-05-12 15:00:00:00 info: EXP Worker: Job finished. {
  "modifiedCount": 2,
  "matchedCount": 2,
  "totalOwnersInList": 2,
  "durationMs": 16
}
2026-05-12 15:08:52:852 warn: Получен сигнал SIGINT. Начинаю грациозное завершение воркера...
2026-05-12 15:08:52:852 info: Отмена всех запланированных задач...
2026-05-12 15:08:52:852 info: Ожидание завершения текущей активной задачи (если она запущена)...
2026-05-12 15:08:52:852 info: Планировщик успешно остановлен.
2026-05-12 15:08:52:852 info: Активных задач для ожидания не было или они успешно завершились.
2026-05-12 15:08:52:852 info: Закрытие соединения с Redis...
2026-05-12 15:14:42:1442 info: EXP Worker: Успешное подключение к MongoDB.
2026-05-12 15:14:42:1442 info: EXP Worker: Connected to Redis.
2026-05-12 15:14:42:1442 info: Обработчики грациозного завершения для воркера инициализированы.
2026-05-12 15:20:00:200 info: EXP Worker: Job finished. {
  "modifiedCount": 2,
  "matchedCount": 2,
  "totalOwnersInList": 2,
  "durationMs": 17
}
2026-05-12 15:26:15:2615 warn: Получен сигнал SIGINT. Начинаю грациозное завершение воркера...
2026-05-12 15:26:15:2615 info: Отмена всех запланированных задач...
2026-05-12 15:26:15:2615 info: Ожидание завершения текущей активной задачи (если она запущена)...
2026-05-12 15:26:15:2615 info: Планировщик успешно остановлен.
2026-05-12 15:26:15:2615 info: Активных задач для ожидания не было или они успешно завершились.
2026-05-12 15:26:15:2615 info: Закрытие соединения с Redis...
2026-05-12 15:26:15:2615 info: Соединение с Redis успешно закрыто.
2026-05-12 15:26:33:2633 info: EXP Worker: Успешное подключение к MongoDB.
2026-05-12 15:26:33:2633 info: EXP Worker: Connected to Redis.
2026-05-12 15:26:33:2633 info: Обработчики грациозного завершения для воркера инициализированы.
2026-05-12 15:30:00:300 info: EXP Worker: Job finished. {
  "modifiedCount": 2,
  "matchedCount": 2,
  "totalOwnersInList": 2,
  "durationMs": 11
}
2026-05-12 15:40:00:400 info: EXP Worker: Job finished. {
  "modifiedCount": 2,
  "matchedCount": 2,
  "totalOwnersInList": 2,
  "durationMs": 11
}
2026-05-12 15:44:31:4431 warn: Получен сигнал SIGINT. Начинаю грациозное завершение воркера...
2026-05-12 15:44:31:4431 info: Отмена всех запланированных задач...
2026-05-12 15:44:31:4431 info: Ожидание завершения текущей активной задачи (если она запущена)...
2026-05-12 15:44:31:4431 info: Планировщик успешно остановлен.
2026-05-12 15:44:31:4431 info: Активных задач для ожидания не было или они успешно завершились.
2026-05-12 15:44:31:4431 info: Закрытие соединения с Redis...
2026-05-12 15:44:31:4431 info: Соединение с Redis успешно закрыто.
2026-05-12 15:44:41:4441 info: EXP Worker: Успешное подключение к MongoDB.
2026-05-12 15:44:41:4441 info: EXP Worker: Connected to Redis.
2026-05-12 15:44:41:4441 info: Обработчики грациозного завершения для воркера инициализированы.
2026-05-12 15:48:14:4814 warn: Получен сигнал SIGINT. Начинаю грациозное завершение воркера...
2026-05-12 15:48:14:4814 info: Отмена всех запланированных задач...
2026-05-12 15:48:14:4814 info: Ожидание завершения текущей активной задачи (если она запущена)...
2026-05-12 15:48:14:4814 info: Планировщик успешно остановлен.
2026-05-12 15:48:14:4814 info: Активных задач для ожидания не было или они успешно завершились.
2026-05-12 15:48:14:4814 info: Закрытие соединения с Redis...
2026-05-12 15:48:14:4814 info: Соединение с Redis успешно закрыто.
2026-05-12 15:48:56:4856 info: EXP Worker: Успешное подключение к MongoDB.
2026-05-12 15:48:57:4857 info: EXP Worker: Connected to Redis.
2026-05-12 15:48:57:4857 info: Обработчики грациозного завершения для воркера инициализированы.
2026-05-12 15:50:00:500 info: EXP Worker: Job finished. {
  "modifiedCount": 2,
  "matchedCount": 2,
  "totalOwnersInList": 2,
  "durationMs": 17
}
2026-05-12 15:50:39:5039 warn: Получен сигнал SIGINT. Начинаю грациозное завершение воркера...
2026-05-12 15:50:39:5039 info: Отмена всех запланированных задач...
2026-05-12 15:50:39:5039 info: Ожидание завершения текущей активной задачи (если она запущена)...
2026-05-12 15:50:39:5039 info: Планировщик успешно остановлен.
2026-05-12 15:50:39:5039 info: Активных задач для ожидания не было или они успешно завершились.
2026-05-12 15:50:39:5039 info: Закрытие соединения с Redis...
2026-05-12 15:50:39:5039 info: Соединение с Redis успешно закрыто.
2026-05-12 15:51:11:5111 info: EXP Worker: Успешное подключение к MongoDB.
2026-05-12 15:51:11:5111 info: EXP Worker: Connected to Redis.
2026-05-12 15:51:11:5111 info: Обработчики грациозного завершения для воркера инициализированы.
2026-05-12 15:52:54:5254 warn: Получен сигнал SIGINT. Начинаю грациозное завершение воркера...
2026-05-12 15:52:54:5254 info: Отмена всех запланированных задач...
2026-05-12 15:52:54:5254 info: Ожидание завершения текущей активной задачи (если она запущена)...
2026-05-12 15:52:54:5254 info: Планировщик успешно остановлен.
2026-05-12 15:52:54:5254 info: Активных задач для ожидания не было или они успешно завершились.
2026-05-12 15:52:54:5254 info: Закрытие соединения с Redis...
2026-05-12 15:53:06:536 info: EXP Worker: Успешное подключение к MongoDB.
2026-05-12 15:53:06:536 info: EXP Worker: Connected to Redis.
2026-05-12 15:53:06:536 info: Обработчики грациозного завершения для воркера инициализированы.
2026-05-12 15:53:34:5334 warn: Получен сигнал SIGINT. Начинаю грациозное завершение воркера...
2026-05-12 15:53:34:5334 info: Отмена всех запланированных задач...
2026-05-12 15:53:34:5334 info: Ожидание завершения текущей активной задачи (если она запущена)...
2026-05-12 15:53:34:5334 info: Планировщик успешно остановлен.
2026-05-12 15:53:34:5334 info: Активных задач для ожидания не было или они успешно завершились.
2026-05-12 15:53:34:5334 info: Закрытие соединения с Redis...
2026-05-12 15:53:34:5334 info: Соединение с Redis успешно закрыто.
2026-05-12 15:53:42:5342 info: EXP Worker: Успешное подключение к MongoDB.
2026-05-12 15:53:42:5342 info: EXP Worker: Connected to Redis.
2026-05-12 15:53:42:5342 info: Обработчики грациозного завершения для воркера инициализированы.
2026-05-12 16:00:00:00 info: EXP Worker: Job finished. {
  "modifiedCount": 2,
  "matchedCount": 2,
  "totalOwnersInList": 2,
  "durationMs": 18
}
2026-05-12 16:00:03:03 warn: Получен сигнал SIGINT. Начинаю грациозное завершение воркера...
2026-05-12 16:00:03:03 info: Отмена всех запланированных задач...
2026-05-12 16:00:03:03 info: Ожидание завершения текущей активной задачи (если она запущена)...
2026-05-12 16:00:03:03 info: Планировщик успешно остановлен.
2026-05-12 16:00:03:03 info: Активных задач для ожидания не было или они успешно завершились.
2026-05-12 16:00:03:03 info: Закрытие соединения с Redis...
2026-05-12 16:00:03:03 info: Соединение с Redis успешно закрыто.
