2026-05-11 10:32:25:3225 info: [Reconciler] Запуск воркера для сверки резерваций (Unified)...
2026-05-11 10:32:26:3226 info: [CraftGovernor] Запуск воркера "Craft Governor"...
2026-05-11 10:32:29:3229 info: [API Server] Запуск процесса...
2026-05-11 10:32:33:3233 info: dbServer: Successfully connected to Redis (main client).
2026-05-11 10:32:33:3233 info: [HealthMonitor] Monitoring started for governor:main
2026-05-11 10:32:33:3233 info: [CraftGovernor] Успешное подключение к MongoDB и Redis.
2026-05-11 10:32:33:3233 info: [CraftGovernor] Воркер запланирован с cron-выражением: "* * * * *"
2026-05-11 10:32:34:3234 info: New client connected from IP: ::1
2026-05-11 10:32:34:3234 warn: [Infisical] Secret "GS_CLIENT_ID" not found in cache.
2026-05-11 10:32:35:3235 info: [API Server] Успешное подключение к MongoDB.
2026-05-11 10:32:35:3235 info: dbServer: Successfully connected to Redis (main client).
2026-05-11 10:32:35:3235 info: Прогрев не требуется: нет сезона. [context: hydrate_season_null]
2026-05-11 10:32:42:3242 info: [Reconciler] Запуск воркера для сверки резерваций (Unified)...
2026-05-11 10:32:42:3242 info: [CraftGovernor] Запуск воркера "Craft Governor"...
2026-05-11 10:32:43:3243 info: [API Server] Запуск процесса...
2026-05-11 10:32:44:3244 info: New client connected from IP: ::1
2026-05-11 10:32:44:3244 warn: [Infisical] Secret "WEB3_CLIENT_ID" not found in cache.
2026-05-11 10:32:45:3245 info: dbServer: Successfully connected to Redis (main client).
2026-05-11 10:32:45:3245 info: [HealthMonitor] Monitoring started for governor:main
2026-05-11 10:32:45:3245 info: [CraftGovernor] Успешное подключение к MongoDB и Redis.
2026-05-11 10:32:45:3245 info: dbServer: Successfully connected to Redis (main client).
2026-05-11 10:32:45:3245 info: [HealthMonitor] Monitoring started for reconciler:main
2026-05-11 10:32:45:3245 info: [Reconciler] Успешное подключение к MongoDB и Redis.
2026-05-11 10:32:45:3245 info: [CraftGovernor] Воркер запланирован с cron-выражением: "* * * * *"
2026-05-11 10:32:45:3245 info: [API Server] Успешное подключение к MongoDB.
2026-05-11 10:32:45:3245 info: New client connected from IP: ::1
2026-05-11 10:32:45:3245 info: Client identified and connection stored: web3server, ID: web3server_kkwvq34lvcw2cf
2026-05-11 10:32:45:3245 info: dbServer: Successfully connected to Redis (main client).
2026-05-11 10:32:45:3245 info: Прогрев не требуется: нет сезона. [context: hydrate_season_null]
2026-05-11 10:32:46:3246 info: [HealthMonitor] Monitoring started for api:main
2026-05-11 10:32:46:3246 info: Optimized Exp Notifier scheduler started [context: exp_notifier]
2026-05-11 10:32:46:3246 info: [API Server] Сервер запущен и готов к приему WebSocket соединений на PID: 19868.
2026-05-11 10:32:46:3246 info: Обработчики грациозного завершения инициализированы.
2026-05-11 10:32:46:3246 info: New client connected from IP: ::1
2026-05-11 10:32:46:3246 info: Client identified and connection stored: gameserver, ID: gameserver-Hddkwe35fsvk_worker_2724
2026-05-11 10:32:49:3249 info: dbServer: Successfully connected to Redis (main client).
2026-05-11 10:32:49:3249 info: [HealthMonitor] Monitoring started for worker:1
2026-05-11 10:33:00:330 info: [CraftGovernor] Найдено для паузы: 0. Найдено для возобновления: 0. [context: governor]
2026-05-11 10:33:17:3317 info: New client connected from IP: 26.248.184.178
2026-05-11 10:33:17:3317 info: Client identified and connection stored: client, ID: cl-fbdf5f35-7c8c-460a-b0d5-27558cbcc694
2026-05-11 10:33:32:3332 info: Client disconnected: client, ID: cl-fbdf5f35-7c8c-460a-b0d5-27558cbcc694
2026-05-11 13:53:56:5356 info: [Reconciler] Запуск воркера для сверки резерваций (Unified)...
2026-05-11 13:53:57:5357 info: [CraftGovernor] Запуск воркера "Craft Governor"...
2026-05-11 13:53:59:5359 info: dbServer: Successfully connected to Redis (main client).
2026-05-11 13:53:59:5359 info: [HealthMonitor] Monitoring started for reconciler:main
2026-05-11 13:53:59:5359 info: [Reconciler] Успешное подключение к MongoDB и Redis.
2026-05-11 13:53:59:5359 info: dbServer: Successfully connected to Redis (main client).
2026-05-11 13:53:59:5359 info: [HealthMonitor] Monitoring started for governor:main
2026-05-11 13:53:59:5359 info: [CraftGovernor] Успешное подключение к MongoDB и Redis.
2026-05-11 13:53:59:5359 info: [CraftGovernor] Воркер запланирован с cron-выражением: "* * * * *"
2026-05-11 13:54:00:540 info: [CraftGovernor] Найдено для паузы: 0. Найдено для возобновления: 0. [context: governor]
2026-05-11 13:54:00:540 info: [API Server] Запуск процесса...
2026-05-11 13:54:01:541 info: dbServer: Successfully connected to Redis (main client).
2026-05-11 13:54:01:541 info: [HealthMonitor] Monitoring started for worker:1
2026-05-11 13:54:02:542 info: New client connected from IP: ::1
2026-05-11 13:54:02:542 warn: [Infisical] Secret "GS_CLIENT_ID" not found in cache.
2026-05-11 13:54:04:544 info: New client connected from IP: ::1
2026-05-11 13:54:04:544 warn: [Infisical] Secret "GS_CLIENT_ID" not found in cache.
2026-05-11 13:54:05:545 info: [API Server] Успешное подключение к MongoDB.
2026-05-11 13:54:05:545 info: dbServer: Successfully connected to Redis (main client).
2026-05-11 13:54:05:545 info: Прогрев не требуется: нет сезона. [context: hydrate_season_null]
2026-05-11 13:54:07:547 info: [HealthMonitor] Monitoring started for api:main
2026-05-11 13:54:07:547 info: Optimized Exp Notifier scheduler started [context: exp_notifier]
2026-05-11 13:54:07:547 info: [API Server] Сервер запущен и готов к приему WebSocket соединений на PID: 488.
2026-05-11 13:54:07:547 info: Обработчики грациозного завершения инициализированы.
2026-05-11 13:54:07:547 info: New client connected from IP: ::1
2026-05-11 13:54:07:547 info: Client identified and connection stored: gameserver, ID: gameserver-Hddkwe35fsvk_worker_16512
2026-05-11 13:54:56:5456 warn: Получен сигнал SIGINT. Начинаю грациозное завершение dbserver...
2026-05-11 13:54:56:5456 info: Закрытие серверов (WebSocket и HTTP)...
2026-05-11 13:55:42:5542 info: [Reconciler] Запуск воркера для сверки резерваций (Unified)...
2026-05-11 13:55:42:5542 info: [CraftGovernor] Запуск воркера "Craft Governor"...
2026-05-11 13:55:42:5542 info: [API Server] Запуск процесса...
2026-05-11 13:55:42:5542 info: New client connected from IP: ::1
2026-05-11 13:55:42:5542 warn: [Infisical] Secret "WEB3_CLIENT_ID" not found in cache.
2026-05-11 13:55:43:5543 info: New client connected from IP: ::1
2026-05-11 13:55:43:5543 warn: [Infisical] Secret "WEB3_CLIENT_ID" not found in cache.
2026-05-11 13:55:44:5544 info: dbServer: Successfully connected to Redis (main client).
2026-05-11 13:55:44:5544 info: [HealthMonitor] Monitoring started for reconciler:main
2026-05-11 13:55:44:5544 info: [Reconciler] Успешное подключение к MongoDB и Redis.
2026-05-11 13:55:44:5544 info: dbServer: Successfully connected to Redis (main client).
2026-05-11 13:55:44:5544 info: [HealthMonitor] Monitoring started for governor:main
2026-05-11 13:55:44:5544 info: [CraftGovernor] Успешное подключение к MongoDB и Redis.
2026-05-11 13:55:44:5544 info: [CraftGovernor] Воркер запланирован с cron-выражением: "* * * * *"
2026-05-11 13:55:45:5545 info: New client connected from IP: ::1
2026-05-11 13:55:45:5545 warn: [Infisical] Secret "WEB3_CLIENT_ID" not found in cache.
2026-05-11 13:55:45:5545 info: [API Server] Успешное подключение к MongoDB.
2026-05-11 13:55:45:5545 info: dbServer: Successfully connected to Redis (main client).
2026-05-11 13:55:45:5545 info: Прогрев не требуется: нет сезона. [context: hydrate_season_null]
2026-05-11 13:55:45:5545 info: [HealthMonitor] Monitoring started for api:main
2026-05-11 13:55:45:5545 info: Optimized Exp Notifier scheduler started [context: exp_notifier]
2026-05-11 13:55:45:5545 info: [API Server] Сервер запущен и готов к приему WebSocket соединений на PID: 10484.
2026-05-11 13:55:45:5545 info: Обработчики грациозного завершения инициализированы.
2026-05-11 13:55:46:5546 info: New client connected from IP: ::1
2026-05-11 13:55:46:5546 info: Client identified and connection stored: web3server, ID: web3server_kkwvq34lvcw2cf
2026-05-11 13:55:46:5546 info: New client connected from IP: ::1
2026-05-11 13:55:46:5546 info: Client identified and connection stored: gameserver, ID: gameserver-Hddkwe35fsvk_worker_22452
2026-05-11 13:55:47:5547 info: dbServer: Successfully connected to Redis (main client).
2026-05-11 13:55:47:5547 info: [HealthMonitor] Monitoring started for worker:1
2026-05-11 13:56:00:560 info: [CraftGovernor] Найдено для паузы: 0. Найдено для возобновления: 0. [context: governor]
2026-05-11 13:57:00:570 info: [CraftGovernor] Найдено для паузы: 0. Найдено для возобновления: 0. [context: governor]
2026-05-11 13:58:00:580 info: [CraftGovernor] Найдено для паузы: 0. Найдено для возобновления: 0. [context: governor]
2026-05-11 13:59:00:590 info: [CraftGovernor] Найдено для паузы: 0. Найдено для возобновления: 0. [context: governor]
2026-05-11 14:00:00:00 info: [CraftGovernor] Найдено для паузы: 0. Найдено для возобновления: 0. [context: governor]
2026-05-11 14:01:00:10 info: [CraftGovernor] Найдено для паузы: 0. Найдено для возобновления: 0. [context: governor]
2026-05-11 14:02:00:20 info: [CraftGovernor] Найдено для паузы: 0. Найдено для возобновления: 0. [context: governor]
2026-05-11 14:03:00:30 info: [CraftGovernor] Найдено для паузы: 0. Найдено для возобновления: 0. [context: governor]
2026-05-11 14:04:00:40 info: [CraftGovernor] Найдено для паузы: 0. Найдено для возобновления: 0. [context: governor]
2026-05-11 14:05:00:50 info: [CraftGovernor] Найдено для паузы: 0. Найдено для возобновления: 0. [context: governor]
2026-05-11 14:06:00:60 info: [CraftGovernor] Найдено для паузы: 0. Найдено для возобновления: 0. [context: governor]
2026-05-11 14:07:00:70 info: [CraftGovernor] Найдено для паузы: 0. Найдено для возобновления: 0. [context: governor]
2026-05-11 14:08:00:80 info: [CraftGovernor] Найдено для паузы: 0. Найдено для возобновления: 0. [context: governor]
2026-05-11 14:09:00:90 info: [CraftGovernor] Найдено для паузы: 0. Найдено для возобновления: 0. [context: governor]
2026-05-11 14:10:00:100 info: [CraftGovernor] Найдено для паузы: 0. Найдено для возобновления: 0. [context: governor]
2026-05-11 14:11:00:110 info: [CraftGovernor] Найдено для паузы: 0. Найдено для возобновления: 0. [context: governor]
2026-05-11 14:12:00:120 info: [CraftGovernor] Найдено для паузы: 0. Найдено для возобновления: 0. [context: governor]
2026-05-11 14:13:00:130 info: [CraftGovernor] Найдено для паузы: 0. Найдено для возобновления: 0. [context: governor]
2026-05-11 14:14:00:140 info: [CraftGovernor] Найдено для паузы: 0. Найдено для возобновления: 0. [context: governor]
2026-05-11 14:15:00:150 info: [CraftGovernor] Найдено для паузы: 0. Найдено для возобновления: 0. [context: governor]
2026-05-11 14:16:00:160 info: [CraftGovernor] Найдено для паузы: 0. Найдено для возобновления: 0. [context: governor]
2026-05-11 14:17:00:170 info: [CraftGovernor] Найдено для паузы: 0. Найдено для возобновления: 0. [context: governor]
2026-05-11 14:18:00:180 info: [CraftGovernor] Найдено для паузы: 0. Найдено для возобновления: 0. [context: governor]
2026-05-11 14:19:00:190 info: [CraftGovernor] Найдено для паузы: 0. Найдено для возобновления: 0. [context: governor]
2026-05-11 14:20:00:200 info: [CraftGovernor] Найдено для паузы: 0. Найдено для возобновления: 0. [context: governor]
2026-05-11 14:21:00:210 info: [CraftGovernor] Найдено для паузы: 0. Найдено для возобновления: 0. [context: governor]
2026-05-11 14:22:00:220 info: [CraftGovernor] Найдено для паузы: 0. Найдено для возобновления: 0. [context: governor]
2026-05-11 14:23:00:230 info: [CraftGovernor] Найдено для паузы: 0. Найдено для возобновления: 0. [context: governor]
2026-05-11 14:24:00:240 info: [CraftGovernor] Найдено для паузы: 0. Найдено для возобновления: 0. [context: governor]
2026-05-11 14:25:00:250 info: [CraftGovernor] Найдено для паузы: 0. Найдено для возобновления: 0. [context: governor]
2026-05-11 14:26:00:260 info: [CraftGovernor] Найдено для паузы: 0. Найдено для возобновления: 0. [context: governor]
2026-05-11 14:27:00:270 info: [CraftGovernor] Найдено для паузы: 0. Найдено для возобновления: 0. [context: governor]
2026-05-11 14:28:00:280 info: [CraftGovernor] Найдено для паузы: 0. Найдено для возобновления: 0. [context: governor]
2026-05-11 14:29:00:290 info: [CraftGovernor] Найдено для паузы: 0. Найдено для возобновления: 0. [context: governor]
2026-05-11 14:30:00:300 info: [CraftGovernor] Найдено для паузы: 0. Найдено для возобновления: 0. [context: governor]
2026-05-11 14:31:00:310 info: [CraftGovernor] Найдено для паузы: 0. Найдено для возобновления: 0. [context: governor]
2026-05-11 14:32:00:320 info: [CraftGovernor] Найдено для паузы: 0. Найдено для возобновления: 0. [context: governor]
2026-05-11 14:33:00:330 info: [CraftGovernor] Найдено для паузы: 0. Найдено для возобновления: 0. [context: governor]
2026-05-11 14:34:00:340 info: [CraftGovernor] Найдено для паузы: 0. Найдено для возобновления: 0. [context: governor]
2026-05-11 14:35:00:350 info: [CraftGovernor] Найдено для паузы: 0. Найдено для возобновления: 0. [context: governor]
2026-05-11 14:36:00:360 info: [CraftGovernor] Найдено для паузы: 0. Найдено для возобновления: 0. [context: governor]
2026-05-11 14:37:00:370 info: [CraftGovernor] Найдено для паузы: 0. Найдено для возобновления: 0. [context: governor]
2026-05-11 14:38:00:380 info: [CraftGovernor] Найдено для паузы: 0. Найдено для возобновления: 0. [context: governor]
2026-05-11 14:39:00:390 info: [CraftGovernor] Найдено для паузы: 0. Найдено для возобновления: 0. [context: governor]
2026-05-11 14:40:00:400 info: [CraftGovernor] Найдено для паузы: 0. Найдено для возобновления: 0. [context: governor]
2026-05-11 14:40:28:4028 warn: Получен сигнал SIGINT. Начинаю грациозное завершение dbserver...
2026-05-11 14:40:28:4028 info: Закрытие серверов (WebSocket и HTTP)...
