2026-05-10 18:47:03:473 info: [MetadataServer] Загружены данные для 10 Echo.
2026-05-10 18:47:03:473 info: [MetadataServer] Запуск...
2026-05-10 18:47:08:478 info: [MetadataServer] Успешно подключено 2 клиента к Redis (основной и подписчик).
2026-05-10 18:47:08:478 info: [MetadataServer] Пытаюсь получить каталоги с http://localhost:30031/internal/api/v1/catalogs/modules и http://localhost:30031/internal/api/v1/catalogs/shipsbonuses
2026-05-10 18:47:08:478 error: [MetadataServer] Не удалось получить каталоги: Error. Повторная попытка через 5000 мс...
2026-05-10 18:47:08:478 info: [MetadataServer] Успешное подключение к MongoDB.
2026-05-10 18:47:13:4713 error: [MetadataServer] Не удалось получить каталоги: Error. Повторная попытка через 5000 мс...
2026-05-10 18:47:20:4720 info: [MetadataServer] Загружены данные для 10 Echo.
2026-05-10 18:47:20:4720 info: [MetadataServer] Запуск...
2026-05-10 18:47:27:4727 info: [MetadataServer] Успешно подключено 2 клиента к Redis (основной и подписчик).
2026-05-10 18:47:27:4727 info: [MetadataServer] Пытаюсь получить каталоги с http://localhost:30031/internal/api/v1/catalogs/modules и http://localhost:30031/internal/api/v1/catalogs/shipsbonuses
2026-05-10 18:47:27:4727 error: [MetadataServer] Не удалось получить каталоги: Error. Повторная попытка через 5000 мс...
2026-05-10 18:47:27:4727 info: [MetadataServer] Успешное подключение к MongoDB.
2026-05-10 18:47:32:4732 info: [MetadataServer] Все каталоги успешно получены.
2026-05-10 18:47:33:4733 info: Обработчики грациозного завершения инициализированы.
2026-05-10 18:47:33:4733 info: [MetadataServer] Инициализация завершена. HTTP-сервер слушает порт 3004
2026-05-10 18:49:43:4943 warn: Получен сигнал SIGINT. Начинаю грациозное завершение...
2026-05-10 18:49:43:4943 info: Закрытие соединения с Redis...
2026-05-10 18:49:43:4943 info: HTTP-сервер больше не принимает новые соединения.
2026-05-10 18:49:43:4943 info: Соединения с Redis успешно закрыты.
2026-05-10 18:49:43:4943 info: Закрытие соединения с MongoDB...
2026-05-10 18:49:50:4950 info: [MetadataServer] Загружены данные для 10 Echo.
2026-05-10 18:49:50:4950 info: [MetadataServer] Запуск...
2026-05-10 18:49:55:4955 info: [MetadataServer] Успешно подключено 2 клиента к Redis (основной и подписчик).
2026-05-10 18:49:55:4955 info: [MetadataServer] Пытаюсь получить каталоги с http://localhost:30031/internal/api/v1/catalogs/modules и http://localhost:30031/internal/api/v1/catalogs/shipsbonuses
2026-05-10 18:49:55:4955 error: [MetadataServer] Не удалось получить каталоги: Error. Повторная попытка через 5000 мс...
2026-05-10 18:49:55:4955 info: [MetadataServer] Успешное подключение к MongoDB.
2026-05-10 18:50:00:500 info: [MetadataServer] Все каталоги успешно получены.
2026-05-10 18:50:00:500 info: Обработчики грациозного завершения инициализированы.
2026-05-10 18:50:00:500 info: [MetadataServer] Инициализация завершена. HTTP-сервер слушает порт 3004
2026-05-10 18:53:10:5310 warn: Получен сигнал SIGINT. Начинаю грациозное завершение...
2026-05-10 18:53:10:5310 info: Закрытие соединения с Redis...
2026-05-10 18:53:10:5310 info: HTTP-сервер больше не принимает новые соединения.
2026-05-10 18:53:10:5310 info: Соединения с Redis успешно закрыты.
2026-05-10 18:53:17:5317 info: [MetadataServer] Загружены данные для 10 Echo.
2026-05-10 18:53:17:5317 info: [MetadataServer] Запуск...
2026-05-10 18:53:22:5322 info: [MetadataServer] Успешно подключено 2 клиента к Redis (основной и подписчик).
2026-05-10 18:53:22:5322 info: [MetadataServer] Пытаюсь получить каталоги с http://localhost:30031/internal/api/v1/catalogs/modules и http://localhost:30031/internal/api/v1/catalogs/shipsbonuses
2026-05-10 18:53:22:5322 error: [MetadataServer] Не удалось получить каталоги: Error. Повторная попытка через 5000 мс...
2026-05-10 18:53:22:5322 info: [MetadataServer] Успешное подключение к MongoDB.
2026-05-10 18:53:27:5327 info: [MetadataServer] Все каталоги успешно получены.
2026-05-10 18:53:27:5327 info: Обработчики грациозного завершения инициализированы.
2026-05-10 18:53:27:5327 info: [MetadataServer] Инициализация завершена. HTTP-сервер слушает порт 3004
2026-05-10 18:54:12:5412 warn: Получен сигнал SIGINT. Начинаю грациозное завершение...
2026-05-10 18:54:12:5412 info: Закрытие соединения с Redis...
2026-05-10 18:54:12:5412 info: HTTP-сервер больше не принимает новые соединения.
2026-05-10 18:54:12:5412 info: Соединения с Redis успешно закрыты.
2026-05-10 18:54:20:5420 info: [MetadataServer] Загружены данные для 10 Echo.
2026-05-10 18:54:20:5420 info: [MetadataServer] Запуск...
2026-05-10 18:54:25:5425 info: [MetadataServer] Успешно подключено 2 клиента к Redis (основной и подписчик).
2026-05-10 18:54:25:5425 info: [MetadataServer] Пытаюсь получить каталоги с http://localhost:30031/internal/api/v1/catalogs/modules и http://localhost:30031/internal/api/v1/catalogs/shipsbonuses
2026-05-10 18:54:26:5426 info: [MetadataServer] Все каталоги успешно получены.
2026-05-10 18:54:26:5426 info: [MetadataServer] Успешное подключение к MongoDB.
2026-05-10 18:54:26:5426 info: Обработчики грациозного завершения инициализированы.
2026-05-10 18:54:26:5426 info: [MetadataServer] Инициализация завершена. HTTP-сервер слушает порт 3004
2026-05-10 18:56:20:5620 warn: Получен сигнал SIGINT. Начинаю грациозное завершение...
2026-05-10 18:56:20:5620 info: Закрытие соединения с Redis...
2026-05-10 18:56:20:5620 info: HTTP-сервер больше не принимает новые соединения.
2026-05-10 18:56:20:5620 info: Соединения с Redis успешно закрыты.
2026-05-10 18:56:53:5653 info: [MetadataServer] Загружены данные для 10 Echo.
2026-05-10 18:56:53:5653 info: [MetadataServer] Запуск...
2026-05-10 18:56:55:5655 info: [MetadataServer] Успешно подключено 2 клиента к Redis (основной и подписчик).
2026-05-10 18:56:55:5655 info: [MetadataServer] Пытаюсь получить каталоги с http://localhost:30031/internal/api/v1/catalogs/modules и http://localhost:30031/internal/api/v1/catalogs/shipsbonuses
2026-05-10 18:56:55:5655 error: [MetadataServer] Не удалось получить каталоги: Error. Повторная попытка через 5000 мс...
2026-05-10 18:56:55:5655 info: [MetadataServer] Успешное подключение к MongoDB.
2026-05-10 18:57:00:570 info: [MetadataServer] Все каталоги успешно получены.
2026-05-10 18:57:00:570 info: Обработчики грациозного завершения инициализированы.
2026-05-10 18:57:00:570 info: [MetadataServer] Инициализация завершена. HTTP-сервер слушает порт 3004
2026-05-10 18:57:56:5756 warn: Получен сигнал SIGINT. Начинаю грациозное завершение...
2026-05-10 18:57:56:5756 info: Закрытие соединения с Redis...
2026-05-10 18:57:56:5756 info: HTTP-сервер больше не принимает новые соединения.
2026-05-10 18:57:56:5756 info: Соединения с Redis успешно закрыты.
2026-05-10 18:58:46:5846 info: [MetadataServer] Загружены данные для 10 Echo.
2026-05-10 18:58:46:5846 info: [MetadataServer] Запуск...
2026-05-10 18:58:48:5848 info: [MetadataServer] Успешно подключено 2 клиента к Redis (основной и подписчик).
2026-05-10 18:58:48:5848 info: [MetadataServer] Пытаюсь получить каталоги с http://localhost:30031/internal/api/v1/catalogs/modules и http://localhost:30031/internal/api/v1/catalogs/shipsbonuses
2026-05-10 18:58:48:5848 info: [MetadataServer] Все каталоги успешно получены.
2026-05-10 18:58:48:5848 info: [MetadataServer] Успешное подключение к MongoDB.
2026-05-10 18:58:48:5848 info: Обработчики грациозного завершения инициализированы.
2026-05-10 18:58:48:5848 info: [MetadataServer] Инициализация завершена. HTTP-сервер слушает порт 3004
2026-05-10 19:06:31:631 warn: Получен сигнал SIGINT. Начинаю грациозное завершение...
2026-05-10 19:06:31:631 info: Закрытие соединения с Redis...
2026-05-10 19:06:31:631 info: HTTP-сервер больше не принимает новые соединения.
2026-05-10 19:06:31:631 info: Соединения с Redis успешно закрыты.
2026-05-10 19:25:32:2532 info: [MetadataServer] Загружены данные для 10 Echo.
2026-05-10 19:25:32:2532 info: [MetadataServer] Запуск...
2026-05-10 19:25:36:2536 info: [MetadataServer] Успешно подключено 2 клиента к Redis (основной и подписчик).
2026-05-10 19:25:36:2536 info: [MetadataServer] Пытаюсь получить каталоги с http://localhost:30031/internal/api/v1/catalogs/modules и http://localhost:30031/internal/api/v1/catalogs/shipsbonuses
2026-05-10 19:25:36:2536 error: [MetadataServer] Не удалось получить каталоги: Error. Повторная попытка через 5000 мс...
2026-05-10 19:25:36:2536 info: [MetadataServer] Успешное подключение к MongoDB.
2026-05-10 19:25:41:2541 info: [MetadataServer] Все каталоги успешно получены.
2026-05-10 19:25:41:2541 info: Обработчики грациозного завершения инициализированы.
2026-05-10 19:25:41:2541 info: [MetadataServer] Инициализация завершена. HTTP-сервер слушает порт 3004
2026-05-10 19:26:28:2628 warn: Получен сигнал SIGINT. Начинаю грациозное завершение...
2026-05-10 19:26:28:2628 info: Закрытие соединения с Redis...
2026-05-10 19:26:28:2628 info: HTTP-сервер больше не принимает новые соединения.
2026-05-10 19:26:28:2628 info: Соединения с Redis успешно закрыты.
2026-05-10 20:01:28:128 info: [MetadataServer] Загружены данные для 10 Echo.
2026-05-10 20:01:28:128 info: [MetadataServer] Запуск...
2026-05-10 20:01:31:131 info: [MetadataServer] Успешно подключено 2 клиента к Redis (основной и подписчик).
2026-05-10 20:01:31:131 info: [MetadataServer] Пытаюсь получить каталоги с http://localhost:30031/internal/api/v1/catalogs/modules и http://localhost:30031/internal/api/v1/catalogs/shipsbonuses
2026-05-10 20:01:31:131 error: [MetadataServer] Не удалось получить каталоги: Error. Повторная попытка через 5000 мс...
2026-05-10 20:01:32:132 info: [MetadataServer] Успешное подключение к MongoDB.
2026-05-10 20:01:36:136 info: [MetadataServer] Все каталоги успешно получены.
2026-05-10 20:01:36:136 info: Обработчики грациозного завершения инициализированы.
2026-05-10 20:01:36:136 info: [MetadataServer] Инициализация завершена. HTTP-сервер слушает порт 3004
2026-05-10 20:02:18:218 warn: Получен сигнал SIGINT. Начинаю грациозное завершение...
2026-05-10 20:02:18:218 info: Закрытие соединения с Redis...
2026-05-10 20:02:18:218 info: HTTP-сервер больше не принимает новые соединения.
2026-05-10 20:02:18:218 info: Соединения с Redis успешно закрыты.
