2026-05-12 12:13:53:1353 info: [MetadataServer] Загружены данные для 10 Echo.
2026-05-12 12:13:53:1353 info: [MetadataServer] Запуск...
2026-05-12 12:13:54:1354 info: [MetadataServer] Успешно подключено 2 клиента к Redis (основной и подписчик).
2026-05-12 12:13:54:1354 info: [MetadataServer] Пытаюсь получить каталоги с http://localhost:30031/internal/api/v1/catalogs/modules и http://localhost:30031/internal/api/v1/catalogs/shipsbonuses
2026-05-12 12:13:55:1355 error: [MetadataServer] Не удалось получить каталоги: Error. Повторная попытка через 5000 мс...
2026-05-12 12:13:55:1355 info: [MetadataServer] Успешное подключение к MongoDB.
2026-05-12 12:14:00:140 error: [MetadataServer] Не удалось получить каталоги: Error. Повторная попытка через 5000 мс...
2026-05-12 12:14:05:145 info: [MetadataServer] Все каталоги успешно получены.
2026-05-12 12:14:05:145 info: Обработчики грациозного завершения инициализированы.
2026-05-12 12:14:05:145 info: [MetadataServer] Инициализация завершена. HTTP-сервер слушает порт 3004
2026-05-12 12:22:43:2243 warn: Получен сигнал SIGINT. Начинаю грациозное завершение...
2026-05-12 12:22:43:2243 info: Закрытие соединения с Redis...
2026-05-12 12:22:43:2243 info: HTTP-сервер больше не принимает новые соединения.
2026-05-12 12:22:43:2243 info: Соединения с Redis успешно закрыты.
2026-05-12 12:22:43:2243 info: Закрытие соединения с MongoDB...
2026-05-12 12:22:48:2248 info: [MetadataServer] Загружены данные для 10 Echo.
2026-05-12 12:22:48:2248 info: [MetadataServer] Запуск...
2026-05-12 12:22:50:2250 info: [MetadataServer] Успешно подключено 2 клиента к Redis (основной и подписчик).
2026-05-12 12:22:50:2250 info: [MetadataServer] Пытаюсь получить каталоги с http://localhost:30031/internal/api/v1/catalogs/modules и http://localhost:30031/internal/api/v1/catalogs/shipsbonuses
2026-05-12 12:22:50:2250 error: [MetadataServer] Не удалось получить каталоги: Error. Повторная попытка через 5000 мс...
2026-05-12 12:22:50:2250 info: [MetadataServer] Успешное подключение к MongoDB.
2026-05-12 12:22:55:2255 info: [MetadataServer] Все каталоги успешно получены.
2026-05-12 12:22:55:2255 info: Обработчики грациозного завершения инициализированы.
2026-05-12 12:22:55:2255 info: [MetadataServer] Инициализация завершена. HTTP-сервер слушает порт 3004
2026-05-12 12:27:54:2754 warn: Получен сигнал SIGINT. Начинаю грациозное завершение...
2026-05-12 12:27:54:2754 info: Закрытие соединения с Redis...
2026-05-12 12:27:54:2754 info: HTTP-сервер больше не принимает новые соединения.
2026-05-12 12:27:54:2754 info: Соединения с Redis успешно закрыты.
2026-05-12 12:27:54:2754 info: Закрытие соединения с MongoDB...
2026-05-12 12:27:59:2759 info: [MetadataServer] Загружены данные для 10 Echo.
2026-05-12 12:27:59:2759 info: [MetadataServer] Запуск...
2026-05-12 12:28:00:280 info: [MetadataServer] Успешно подключено 2 клиента к Redis (основной и подписчик).
2026-05-12 12:28:00:280 info: [MetadataServer] Пытаюсь получить каталоги с http://localhost:30031/internal/api/v1/catalogs/modules и http://localhost:30031/internal/api/v1/catalogs/shipsbonuses
2026-05-12 12:28:00:280 error: [MetadataServer] Не удалось получить каталоги: Error. Повторная попытка через 5000 мс...
2026-05-12 12:28:00:280 info: [MetadataServer] Успешное подключение к MongoDB.
2026-05-12 12:28:05:285 info: [MetadataServer] Все каталоги успешно получены.
2026-05-12 12:28:05:285 info: Обработчики грациозного завершения инициализированы.
2026-05-12 12:28:05:285 info: [MetadataServer] Инициализация завершена. HTTP-сервер слушает порт 3004
2026-05-12 12:32:08:328 warn: Получен сигнал SIGINT. Начинаю грациозное завершение...
2026-05-12 12:32:08:328 info: Закрытие соединения с Redis...
2026-05-12 12:32:08:328 info: HTTP-сервер больше не принимает новые соединения.
2026-05-12 12:32:08:328 info: Соединения с Redis успешно закрыты.
2026-05-12 12:32:08:328 info: Закрытие соединения с MongoDB...
2026-05-12 12:33:15:3315 info: [MetadataServer] Загружены данные для 10 Echo.
2026-05-12 12:33:15:3315 info: [MetadataServer] Запуск...
2026-05-12 12:33:18:3318 info: [MetadataServer] Успешно подключено 2 клиента к Redis (основной и подписчик).
2026-05-12 12:33:18:3318 info: [MetadataServer] Пытаюсь получить каталоги с http://localhost:30031/internal/api/v1/catalogs/modules и http://localhost:30031/internal/api/v1/catalogs/shipsbonuses
2026-05-12 12:33:18:3318 error: [MetadataServer] Не удалось получить каталоги: Error. Повторная попытка через 5000 мс...
2026-05-12 12:33:18:3318 info: [MetadataServer] Успешное подключение к MongoDB.
2026-05-12 12:33:23:3323 info: [MetadataServer] Все каталоги успешно получены.
2026-05-12 12:33:23:3323 info: Обработчики грациозного завершения инициализированы.
2026-05-12 12:33:23:3323 info: [MetadataServer] Инициализация завершена. HTTP-сервер слушает порт 3004
2026-05-12 12:44:54:4454 warn: Получен сигнал SIGINT. Начинаю грациозное завершение...
2026-05-12 12:44:54:4454 info: Закрытие соединения с Redis...
2026-05-12 12:44:54:4454 info: HTTP-сервер больше не принимает новые соединения.
2026-05-12 12:44:54:4454 info: Соединения с Redis успешно закрыты.
2026-05-12 12:44:54:4454 info: Закрытие соединения с MongoDB...
2026-05-12 12:48:12:4812 info: [MetadataServer] Загружены данные для 10 Echo.
2026-05-12 12:48:12:4812 info: [MetadataServer] Запуск...
2026-05-12 12:48:24:4824 info: [MetadataServer] Загружены данные для 10 Echo.
2026-05-12 12:48:24:4824 info: [MetadataServer] Запуск...
2026-05-12 12:48:28:4828 info: [MetadataServer] Успешно подключено 2 клиента к Redis (основной и подписчик).
2026-05-12 12:48:28:4828 info: [MetadataServer] Пытаюсь получить каталоги с http://localhost:30031/internal/api/v1/catalogs/modules и http://localhost:30031/internal/api/v1/catalogs/shipsbonuses
2026-05-12 12:48:28:4828 error: [MetadataServer] Не удалось получить каталоги: Error. Повторная попытка через 5000 мс...
2026-05-12 12:48:28:4828 info: [MetadataServer] Успешное подключение к MongoDB.
2026-05-12 12:48:33:4833 info: [MetadataServer] Все каталоги успешно получены.
2026-05-12 12:48:33:4833 info: Обработчики грациозного завершения инициализированы.
2026-05-12 12:48:33:4833 info: [MetadataServer] Инициализация завершена. HTTP-сервер слушает порт 3004
2026-05-12 13:04:55:455 warn: Получен сигнал SIGINT. Начинаю грациозное завершение...
2026-05-12 13:04:55:455 info: Закрытие соединения с Redis...
2026-05-12 13:04:55:455 info: HTTP-сервер больше не принимает новые соединения.
2026-05-12 13:04:55:455 info: Соединения с Redis успешно закрыты.
2026-05-12 13:05:24:524 info: [MetadataServer] Загружены данные для 10 Echo.
2026-05-12 13:05:24:524 info: [MetadataServer] Запуск...
2026-05-12 13:05:27:527 info: [MetadataServer] Успешно подключено 2 клиента к Redis (основной и подписчик).
2026-05-12 13:05:27:527 info: [MetadataServer] Пытаюсь получить каталоги с http://localhost:30031/internal/api/v1/catalogs/modules и http://localhost:30031/internal/api/v1/catalogs/shipsbonuses
2026-05-12 13:05:27:527 error: [MetadataServer] Не удалось получить каталоги: Error. Повторная попытка через 5000 мс...
2026-05-12 13:05:27:527 info: [MetadataServer] Успешное подключение к MongoDB.
2026-05-12 13:05:32:532 info: [MetadataServer] Все каталоги успешно получены.
2026-05-12 13:05:32:532 info: Обработчики грациозного завершения инициализированы.
2026-05-12 13:05:32:532 info: [MetadataServer] Инициализация завершена. HTTP-сервер слушает порт 3004
2026-05-12 13:13:29:1329 warn: Получен сигнал SIGINT. Начинаю грациозное завершение...
2026-05-12 13:13:29:1329 info: Закрытие соединения с Redis...
2026-05-12 13:13:29:1329 info: HTTP-сервер больше не принимает новые соединения.
2026-05-12 13:13:29:1329 info: Соединения с Redis успешно закрыты.
2026-05-12 13:13:29:1329 info: Закрытие соединения с MongoDB...
2026-05-12 13:13:41:1341 info: [MetadataServer] Загружены данные для 10 Echo.
2026-05-12 13:13:41:1341 info: [MetadataServer] Запуск...
2026-05-12 13:13:47:1347 info: [MetadataServer] Успешно подключено 2 клиента к Redis (основной и подписчик).
2026-05-12 13:13:47:1347 info: [MetadataServer] Пытаюсь получить каталоги с http://localhost:30031/internal/api/v1/catalogs/modules и http://localhost:30031/internal/api/v1/catalogs/shipsbonuses
2026-05-12 13:13:47:1347 error: [MetadataServer] Не удалось получить каталоги: Error. Повторная попытка через 5000 мс...
2026-05-12 13:13:47:1347 info: [MetadataServer] Успешное подключение к MongoDB.
2026-05-12 13:13:52:1352 info: [MetadataServer] Все каталоги успешно получены.
2026-05-12 13:13:52:1352 info: Обработчики грациозного завершения инициализированы.
2026-05-12 13:13:52:1352 info: [MetadataServer] Инициализация завершена. HTTP-сервер слушает порт 3004
2026-05-12 13:16:42:1642 warn: Получен сигнал SIGINT. Начинаю грациозное завершение...
2026-05-12 13:16:42:1642 info: Закрытие соединения с Redis...
2026-05-12 13:16:42:1642 info: HTTP-сервер больше не принимает новые соединения.
2026-05-12 13:16:42:1642 info: Соединения с Redis успешно закрыты.
2026-05-12 13:18:34:1834 info: [MetadataServer] Загружены данные для 10 Echo.
2026-05-12 13:18:34:1834 info: [MetadataServer] Запуск...
2026-05-12 13:18:37:1837 info: [MetadataServer] Успешно подключено 2 клиента к Redis (основной и подписчик).
2026-05-12 13:18:37:1837 info: [MetadataServer] Пытаюсь получить каталоги с http://localhost:30031/internal/api/v1/catalogs/modules и http://localhost:30031/internal/api/v1/catalogs/shipsbonuses
2026-05-12 13:18:37:1837 error: [MetadataServer] Не удалось получить каталоги: Error. Повторная попытка через 5000 мс...
2026-05-12 13:18:37:1837 info: [MetadataServer] Успешное подключение к MongoDB.
2026-05-12 13:18:42:1842 info: [MetadataServer] Все каталоги успешно получены.
2026-05-12 13:18:42:1842 info: Обработчики грациозного завершения инициализированы.
2026-05-12 13:18:42:1842 info: [MetadataServer] Инициализация завершена. HTTP-сервер слушает порт 3004
2026-05-12 13:27:41:2741 warn: Получен сигнал SIGINT. Начинаю грациозное завершение...
2026-05-12 13:27:41:2741 info: Закрытие соединения с Redis...
2026-05-12 13:27:41:2741 info: HTTP-сервер больше не принимает новые соединения.
2026-05-12 13:27:41:2741 info: Соединения с Redis успешно закрыты.
2026-05-12 13:27:41:2741 info: Закрытие соединения с MongoDB...
2026-05-12 14:58:47:5847 info: [MetadataServer] Загружены данные для 10 Echo.
2026-05-12 14:58:47:5847 info: [MetadataServer] Запуск...
2026-05-12 14:58:50:5850 info: [MetadataServer] Успешно подключено 2 клиента к Redis (основной и подписчик).
2026-05-12 14:58:50:5850 info: [MetadataServer] Пытаюсь получить каталоги с http://localhost:30031/internal/api/v1/catalogs/modules и http://localhost:30031/internal/api/v1/catalogs/shipsbonuses
2026-05-12 14:58:50:5850 error: [MetadataServer] Не удалось получить каталоги: Error. Повторная попытка через 5000 мс...
2026-05-12 14:58:50:5850 info: [MetadataServer] Успешное подключение к MongoDB.
2026-05-12 14:58:55:5855 info: [MetadataServer] Все каталоги успешно получены.
2026-05-12 14:58:55:5855 info: Обработчики грациозного завершения инициализированы.
2026-05-12 14:58:55:5855 info: [MetadataServer] Инициализация завершена. HTTP-сервер слушает порт 3004
2026-05-12 14:59:12:5912 warn: Получен сигнал SIGINT. Начинаю грациозное завершение...
2026-05-12 14:59:12:5912 info: Закрытие соединения с Redis...
2026-05-12 14:59:12:5912 info: HTTP-сервер больше не принимает новые соединения.
2026-05-12 14:59:12:5912 info: Соединения с Redis успешно закрыты.
2026-05-12 14:59:17:5917 info: [MetadataServer] Загружены данные для 10 Echo.
2026-05-12 14:59:17:5917 info: [MetadataServer] Запуск...
2026-05-12 14:59:18:5918 info: [MetadataServer] Успешно подключено 2 клиента к Redis (основной и подписчик).
2026-05-12 14:59:18:5918 info: [MetadataServer] Пытаюсь получить каталоги с http://localhost:30031/internal/api/v1/catalogs/modules и http://localhost:30031/internal/api/v1/catalogs/shipsbonuses
2026-05-12 14:59:18:5918 error: [MetadataServer] Не удалось получить каталоги: Error. Повторная попытка через 5000 мс...
2026-05-12 14:59:18:5918 info: [MetadataServer] Успешное подключение к MongoDB.
2026-05-12 14:59:23:5923 info: [MetadataServer] Все каталоги успешно получены.
2026-05-12 14:59:23:5923 info: Обработчики грациозного завершения инициализированы.
2026-05-12 14:59:23:5923 info: [MetadataServer] Инициализация завершена. HTTP-сервер слушает порт 3004
2026-05-12 15:08:52:852 warn: Получен сигнал SIGINT. Начинаю грациозное завершение...
2026-05-12 15:08:52:852 info: Закрытие соединения с Redis...
2026-05-12 15:08:52:852 info: HTTP-сервер больше не принимает новые соединения.
2026-05-12 15:08:52:852 info: Соединения с Redis успешно закрыты.
2026-05-12 15:14:39:1439 info: [MetadataServer] Загружены данные для 10 Echo.
2026-05-12 15:14:39:1439 info: [MetadataServer] Запуск...
2026-05-12 15:14:40:1440 info: [MetadataServer] Успешно подключено 2 клиента к Redis (основной и подписчик).
2026-05-12 15:14:40:1440 info: [MetadataServer] Пытаюсь получить каталоги с http://localhost:30031/internal/api/v1/catalogs/modules и http://localhost:30031/internal/api/v1/catalogs/shipsbonuses
2026-05-12 15:14:40:1440 error: [MetadataServer] Не удалось получить каталоги: Error. Повторная попытка через 5000 мс...
2026-05-12 15:14:40:1440 info: [MetadataServer] Успешное подключение к MongoDB.
2026-05-12 15:14:45:1445 info: [MetadataServer] Все каталоги успешно получены.
2026-05-12 15:14:45:1445 info: Обработчики грациозного завершения инициализированы.
2026-05-12 15:14:45:1445 info: [MetadataServer] Инициализация завершена. HTTP-сервер слушает порт 3004
2026-05-12 15:26:15:2615 warn: Получен сигнал SIGINT. Начинаю грациозное завершение...
2026-05-12 15:26:15:2615 info: Закрытие соединения с Redis...
2026-05-12 15:26:15:2615 info: HTTP-сервер больше не принимает новые соединения.
2026-05-12 15:26:15:2615 info: Соединения с Redis успешно закрыты.
2026-05-12 15:26:20:2620 info: [MetadataServer] Загружены данные для 10 Echo.
2026-05-12 15:26:20:2620 info: [MetadataServer] Запуск...
2026-05-12 15:26:37:2637 info: [MetadataServer] Успешно подключено 2 клиента к Redis (основной и подписчик).
2026-05-12 15:26:37:2637 info: [MetadataServer] Пытаюсь получить каталоги с http://localhost:30031/internal/api/v1/catalogs/modules и http://localhost:30031/internal/api/v1/catalogs/shipsbonuses
2026-05-12 15:26:37:2637 info: [MetadataServer] Все каталоги успешно получены.
2026-05-12 15:26:37:2637 info: [MetadataServer] Успешное подключение к MongoDB.
2026-05-12 15:26:37:2637 info: Обработчики грациозного завершения инициализированы.
2026-05-12 15:26:37:2637 info: [MetadataServer] Инициализация завершена. HTTP-сервер слушает порт 3004
2026-05-12 15:44:31:4431 warn: Получен сигнал SIGINT. Начинаю грациозное завершение...
2026-05-12 15:44:31:4431 info: Закрытие соединения с Redis...
2026-05-12 15:44:31:4431 info: HTTP-сервер больше не принимает новые соединения.
2026-05-12 15:44:31:4431 info: Соединения с Redis успешно закрыты.
2026-05-12 15:44:35:4435 info: [MetadataServer] Загружены данные для 10 Echo.
2026-05-12 15:44:35:4435 info: [MetadataServer] Запуск...
2026-05-12 15:44:39:4439 info: [MetadataServer] Успешно подключено 2 клиента к Redis (основной и подписчик).
2026-05-12 15:44:39:4439 info: [MetadataServer] Пытаюсь получить каталоги с http://localhost:30031/internal/api/v1/catalogs/modules и http://localhost:30031/internal/api/v1/catalogs/shipsbonuses
2026-05-12 15:44:39:4439 error: [MetadataServer] Не удалось получить каталоги: Error. Повторная попытка через 5000 мс...
2026-05-12 15:44:39:4439 info: [MetadataServer] Успешное подключение к MongoDB.
2026-05-12 15:44:44:4444 info: [MetadataServer] Все каталоги успешно получены.
2026-05-12 15:44:44:4444 info: Обработчики грациозного завершения инициализированы.
2026-05-12 15:44:44:4444 info: [MetadataServer] Инициализация завершена. HTTP-сервер слушает порт 3004
2026-05-12 15:48:14:4814 warn: Получен сигнал SIGINT. Начинаю грациозное завершение...
2026-05-12 15:48:14:4814 info: Закрытие соединения с Redis...
2026-05-12 15:48:14:4814 info: HTTP-сервер больше не принимает новые соединения.
2026-05-12 15:48:14:4814 info: Соединения с Redis успешно закрыты.
2026-05-12 15:48:49:4849 info: [MetadataServer] Загружены данные для 10 Echo.
2026-05-12 15:48:49:4849 info: [MetadataServer] Запуск...
2026-05-12 15:48:55:4855 info: [MetadataServer] Успешно подключено 2 клиента к Redis (основной и подписчик).
2026-05-12 15:48:55:4855 info: [MetadataServer] Пытаюсь получить каталоги с http://localhost:30031/internal/api/v1/catalogs/modules и http://localhost:30031/internal/api/v1/catalogs/shipsbonuses
2026-05-12 15:48:55:4855 error: [MetadataServer] Не удалось получить каталоги: Error. Повторная попытка через 5000 мс...
2026-05-12 15:48:55:4855 info: [MetadataServer] Успешное подключение к MongoDB.
2026-05-12 15:49:00:490 info: [MetadataServer] Все каталоги успешно получены.
2026-05-12 15:49:00:490 info: Обработчики грациозного завершения инициализированы.
2026-05-12 15:49:00:490 info: [MetadataServer] Инициализация завершена. HTTP-сервер слушает порт 3004
2026-05-12 15:50:39:5039 warn: Получен сигнал SIGINT. Начинаю грациозное завершение...
2026-05-12 15:50:39:5039 info: Закрытие соединения с Redis...
2026-05-12 15:50:39:5039 info: HTTP-сервер больше не принимает новые соединения.
2026-05-12 15:51:04:514 info: [MetadataServer] Загружены данные для 10 Echo.
2026-05-12 15:51:04:514 info: [MetadataServer] Запуск...
2026-05-12 15:51:11:5111 info: [MetadataServer] Успешно подключено 2 клиента к Redis (основной и подписчик).
2026-05-12 15:51:11:5111 info: [MetadataServer] Пытаюсь получить каталоги с http://localhost:30031/internal/api/v1/catalogs/modules и http://localhost:30031/internal/api/v1/catalogs/shipsbonuses
2026-05-12 15:51:11:5111 info: [MetadataServer] Все каталоги успешно получены.
2026-05-12 15:51:11:5111 info: [MetadataServer] Успешное подключение к MongoDB.
2026-05-12 15:51:11:5111 info: Обработчики грациозного завершения инициализированы.
2026-05-12 15:51:11:5111 info: [MetadataServer] Инициализация завершена. HTTP-сервер слушает порт 3004
2026-05-12 15:52:54:5254 warn: Получен сигнал SIGINT. Начинаю грациозное завершение...
2026-05-12 15:52:54:5254 info: Закрытие соединения с Redis...
2026-05-12 15:52:54:5254 info: HTTP-сервер больше не принимает новые соединения.
2026-05-12 15:52:54:5254 info: Соединения с Redis успешно закрыты.
2026-05-12 15:53:02:532 info: [MetadataServer] Загружены данные для 10 Echo.
2026-05-12 15:53:02:532 info: [MetadataServer] Запуск...
2026-05-12 15:53:05:535 info: [MetadataServer] Успешно подключено 2 клиента к Redis (основной и подписчик).
2026-05-12 15:53:05:535 info: [MetadataServer] Пытаюсь получить каталоги с http://localhost:30031/internal/api/v1/catalogs/modules и http://localhost:30031/internal/api/v1/catalogs/shipsbonuses
2026-05-12 15:53:05:535 error: [MetadataServer] Не удалось получить каталоги: Error. Повторная попытка через 5000 мс...
2026-05-12 15:53:05:535 info: [MetadataServer] Успешное подключение к MongoDB.
2026-05-12 15:53:10:5310 info: [MetadataServer] Все каталоги успешно получены.
2026-05-12 15:53:10:5310 info: Обработчики грациозного завершения инициализированы.
2026-05-12 15:53:10:5310 info: [MetadataServer] Инициализация завершена. HTTP-сервер слушает порт 3004
2026-05-12 15:53:34:5334 warn: Получен сигнал SIGINT. Начинаю грациозное завершение...
2026-05-12 15:53:34:5334 info: Закрытие соединения с Redis...
2026-05-12 15:53:34:5334 info: HTTP-сервер больше не принимает новые соединения.
2026-05-12 15:53:34:5334 info: Соединения с Redis успешно закрыты.
2026-05-12 15:53:38:5338 info: [MetadataServer] Загружены данные для 10 Echo.
2026-05-12 15:53:38:5338 info: [MetadataServer] Запуск...
2026-05-12 15:53:42:5342 info: [MetadataServer] Успешно подключено 2 клиента к Redis (основной и подписчик).
2026-05-12 15:53:42:5342 info: [MetadataServer] Пытаюсь получить каталоги с http://localhost:30031/internal/api/v1/catalogs/modules и http://localhost:30031/internal/api/v1/catalogs/shipsbonuses
2026-05-12 15:53:42:5342 error: [MetadataServer] Не удалось получить каталоги: Error. Повторная попытка через 5000 мс...
2026-05-12 15:53:42:5342 info: [MetadataServer] Успешное подключение к MongoDB.
2026-05-12 15:53:47:5347 info: [MetadataServer] Все каталоги успешно получены.
2026-05-12 15:53:47:5347 info: Обработчики грациозного завершения инициализированы.
2026-05-12 15:53:47:5347 info: [MetadataServer] Инициализация завершена. HTTP-сервер слушает порт 3004
2026-05-12 16:00:03:03 warn: Получен сигнал SIGINT. Начинаю грациозное завершение...
2026-05-12 16:00:03:03 info: Закрытие соединения с Redis...
2026-05-12 16:00:03:03 info: HTTP-сервер больше не принимает новые соединения.
2026-05-12 16:00:03:03 info: Соединения с Redis успешно закрыты.
